Archive member included because of file (symbol)

./gr_common/RLduino78/libraries/EEPROM/utility/pfdl.a(pfdl.o)
                              ./gr_common/RLduino78/libraries/EEPROM/utility/data_flash_util.o (PFDL_Open)
./gr_common/RLduino78/libraries/PicalicoFree/picalicoFree.a(PicalicoFree.o)
                              ./gr_common/RLduino78/libraries/PicalicoFree/PicalicoClass.o (PCFsendNum(int, int*))
./gr_common/RLduino78/libraries/PicalicoFree/picalicoFree.a(OITCodec.o)
                              ./gr_common/RLduino78/libraries/PicalicoFree/picalicoFree.a(PicalicoFree.o) (PicalicoID2CodecID(long, int))
C:/Renesas/e2studio/GNURL78v14.03-ELF/rl78-elf/rl78-elf/lib\libstdc++.a(si_class_type_info.o)
                              ./gr_common/RLduino78/cores/HardwareSerial.o (vtable for __cxxabiv1::__si_class_type_info)
C:/Renesas/e2studio/GNURL78v14.03-ELF/rl78-elf/rl78-elf/lib\libstdc++.a(new_op.o)
                              ./gr_common/RLduino78/libraries/Ethernet/Ethernet.o (operator new(unsigned int))
C:/Renesas/e2studio/GNURL78v14.03-ELF/rl78-elf/rl78-elf/lib\libstdc++.a(eh_throw.o)
                              C:/Renesas/e2studio/GNURL78v14.03-ELF/rl78-elf/rl78-elf/lib\libstdc++.a(new_op.o) (__cxa_throw)
C:/Renesas/e2studio/GNURL78v14.03-ELF/rl78-elf/rl78-elf/lib\libstdc++.a(class_type_info.o)
                              C:/Renesas/e2studio/GNURL78v14.03-ELF/rl78-elf/rl78-elf/lib\libstdc++.a(si_class_type_info.o) (__cxxabiv1::__class_type_info::__do_upcast(__cxxabiv1::__class_type_info const*, void**) const)
C:/Renesas/e2studio/GNURL78v14.03-ELF/rl78-elf/rl78-elf/lib\libstdc++.a(eh_catch.o)
                              C:/Renesas/e2studio/GNURL78v14.03-ELF/rl78-elf/rl78-elf/lib\libstdc++.a(eh_throw.o) (__cxa_begin_catch)
C:/Renesas/e2studio/GNURL78v14.03-ELF/rl78-elf/rl78-elf/lib\libstdc++.a(del_op.o)
                              ./gr_common/RLduino78/libraries/Ethernet/Ethernet.o (operator delete(void*))
C:/Renesas/e2studio/GNURL78v14.03-ELF/rl78-elf/rl78-elf/lib\libstdc++.a(eh_terminate.o)
                              C:/Renesas/e2studio/GNURL78v14.03-ELF/rl78-elf/rl78-elf/lib\libstdc++.a(eh_throw.o) (__cxxabiv1::__terminate(void (*)()))
C:/Renesas/e2studio/GNURL78v14.03-ELF/rl78-elf/rl78-elf/lib\libstdc++.a(eh_personality.o)
                              ./gr_common/RLduino78/cores/Stream.o (__gxx_personality_sj0)
C:/Renesas/e2studio/GNURL78v14.03-ELF/rl78-elf/rl78-elf/lib\libstdc++.a(eh_alloc.o)
                              C:/Renesas/e2studio/GNURL78v14.03-ELF/rl78-elf/rl78-elf/lib\libstdc++.a(new_op.o) (__cxa_allocate_exception)
C:/Renesas/e2studio/GNURL78v14.03-ELF/rl78-elf/rl78-elf/lib\libstdc++.a(eh_unex_handler.o)
                              C:/Renesas/e2studio/GNURL78v14.03-ELF/rl78-elf/rl78-elf/lib\libstdc++.a(eh_throw.o) (__cxxabiv1::__unexpected_handler)
C:/Renesas/e2studio/GNURL78v14.03-ELF/rl78-elf/rl78-elf/lib\libstdc++.a(eh_exception.o)
                              C:/Renesas/e2studio/GNURL78v14.03-ELF/rl78-elf/rl78-elf/lib\libstdc++.a(eh_personality.o) (std::bad_exception::~bad_exception())
C:/Renesas/e2studio/GNURL78v14.03-ELF/rl78-elf/rl78-elf/lib\libstdc++.a(eh_call.o)
                              C:/Renesas/e2studio/GNURL78v14.03-ELF/rl78-elf/rl78-elf/lib\libstdc++.a(eh_personality.o) (__cxa_call_terminate)
C:/Renesas/e2studio/GNURL78v14.03-ELF/rl78-elf/rl78-elf/lib\libstdc++.a(tinfo.o)
                              C:/Renesas/e2studio/GNURL78v14.03-ELF/rl78-elf/rl78-elf/lib\libstdc++.a(class_type_info.o) (std::type_info::~type_info())
C:/Renesas/e2studio/GNURL78v14.03-ELF/rl78-elf/rl78-elf/lib\libstdc++.a(vmi_class_type_info.o)
                              ./src/PitchDetector/src/OsakanaPitchDetection.o (vtable for __cxxabiv1::__vmi_class_type_info)
C:/Renesas/e2studio/GNURL78v14.03-ELF/rl78-elf/rl78-elf/lib\libstdc++.a(eh_term_handler.o)
                              C:/Renesas/e2studio/GNURL78v14.03-ELF/rl78-elf/rl78-elf/lib\libstdc++.a(eh_throw.o) (__cxxabiv1::__terminate_handler)
C:/Renesas/e2studio/GNURL78v14.03-ELF/rl78-elf/rl78-elf/lib\libstdc++.a(pure.o)
                              ./gr_common/RLduino78/cores/HardwareSerial.o (__cxa_pure_virtual)
C:/Renesas/e2studio/GNURL78v14.03-ELF/rl78-elf/rl78-elf/lib\libstdc++.a(bad_alloc.o)
                              C:/Renesas/e2studio/GNURL78v14.03-ELF/rl78-elf/rl78-elf/lib\libstdc++.a(new_op.o) (vtable for std::bad_alloc)
C:/Renesas/e2studio/GNURL78v14.03-ELF/rl78-elf/rl78-elf/lib\libstdc++.a(new_handler.o)
                              C:/Renesas/e2studio/GNURL78v14.03-ELF/rl78-elf/rl78-elf/lib\libstdc++.a(new_op.o) (__new_handler)
C:/Renesas/e2studio/GNURL78v14.03-ELF/rl78-elf/rl78-elf/lib\libstdc++.a(eh_globals.o)
                              C:/Renesas/e2studio/GNURL78v14.03-ELF/rl78-elf/rl78-elf/lib\libstdc++.a(eh_catch.o) (__cxa_get_globals_fast)
C:/Renesas/e2studio/GNURL78v14.03-ELF/rl78-elf/rl78-elf/lib\libnosys.a(write.o)
[...]
Memory Configuration

Name             Origin             Length             Attributes
VEC              0x00000000         0x00000002         r
IVEC             0x00000004         0x0000007c         r
OPT              0x000000c0         0x00000004         r
SECURITY_ID      0x000000c4         0x0000000a         r
ROM              0x000000d8         0x0003ff28         r
RAM              0x000faf00         0x00004fe0         w
STACK            0x000ffee0         0x00000002         w
*default*        0x00000000         0xffffffff

Linker script and memory map

LOAD ./gr_sketch.o
LOAD ./gr_common/RLduino78/cores/HardwareSerial.o
LOAD ./gr_common/RLduino78/cores/IPAddress.o
LOAD ./gr_common/RLduino78/cores/MsTimer2.o
LOAD ./gr_common/RLduino78/cores/Print.o
LOAD ./gr_common/RLduino78/cores/RLduino78_basic.o
LOAD ./gr_common/RLduino78/cores/RLduino78_main.o
LOAD ./gr_common/RLduino78/cores/RLduino78_RTC.o
LOAD ./gr_common/RLduino78/cores/Stream.o
LOAD ./gr_common/RLduino78/cores/WString.o
LOAD ./gr_common/RLduino78/libraries/AndroidAccessory/AndroidAccessory.o
LOAD ./gr_common/RLduino78/libraries/EEPROM/EEPROM.o
LOAD ./gr_common/RLduino78/libraries/Ethernet/Dhcp.o
LOAD ./gr_common/RLduino78/libraries/Ethernet/Dns.o
LOAD ./gr_common/RLduino78/libraries/Ethernet/Ethernet.o
LOAD ./gr_common/RLduino78/libraries/Ethernet/EthernetClient.o
LOAD ./gr_common/RLduino78/libraries/Ethernet/EthernetServer.o
LOAD ./gr_common/RLduino78/libraries/Ethernet/EthernetUdp.o
LOAD ./gr_common/RLduino78/libraries/Ethernet/Twitter.o
LOAD ./gr_common/RLduino78/libraries/Ethernet/utility/socket.o
LOAD ./gr_common/RLduino78/libraries/Ethernet/utility/w5100.o
LOAD ./gr_common/RLduino78/libraries/Ethernet/utility/w5200.o
LOAD ./gr_common/RLduino78/libraries/Ethernet/utility/w5500.o
LOAD ./gr_common/RLduino78/libraries/Firmata/Firmata.o
LOAD ./gr_common/RLduino78/libraries/LiquidCrystal/LiquidCrystal.o
LOAD ./gr_common/RLduino78/libraries/PicalicoFree/PicalicoClass.o
LOAD ./gr_common/RLduino78/libraries/RTC/RTC.o
LOAD ./gr_common/RLduino78/libraries/SD/File.o
LOAD ./gr_common/RLduino78/libraries/SD/SD.o
LOAD ./gr_common/RLduino78/libraries/SD/utility/Sd2Card.o
LOAD ./gr_common/RLduino78/libraries/SD/utility/SdFile.o
LOAD ./gr_common/RLduino78/libraries/SD/utility/SdVolume.o
LOAD ./gr_common/RLduino78/libraries/Servo/Servo.o
LOAD ./gr_common/RLduino78/libraries/SPI/SPI.o
LOAD ./gr_common/RLduino78/libraries/Stepper/Stepper.o
LOAD ./gr_common/RLduino78/libraries/USB_Host_Shield/Usb.o
LOAD ./gr_common/RLduino78/libraries/USB_Host_Shield/utility/Max3421e.o
LOAD ./gr_common/RLduino78/libraries/Wire/Wire.o
LOAD ./gr_common/RLduino78/portable/e2studio/RL78/exception_handler.o
LOAD ./src/BleCommunicator.o
LOAD ./src/BleMidiCommunicator.o
LOAD ./src/Communicator.o
LOAD ./src/Rn4020Controller.o
LOAD ./src/SerialController.o
LOAD ./src/StopWatch.o
LOAD ./src/StringUtility.o
LOAD ./src/OsakanaFFT/src/OsakanaFft.o
LOAD ./src/OsakanaFFT/src/OsakanaFpFft.o
LOAD ./src/PitchDetector/src/ContinuityDetector.o
LOAD ./src/PitchDetector/src/EdgeDetector.o
LOAD ./src/PitchDetector/src/MelodyCommandReceiver.o
LOAD ./src/PitchDetector/src/MelodyDetector.o
LOAD ./src/PitchDetector/src/OsakanaPitchDetection.o
LOAD ./src/PitchDetector/src/OsakanaPitchDetectionFp.o
LOAD ./src/PitchDetector/src/PeakDetectMachine.o
LOAD ./src/PitchDetector/src/PeakDetectMachineFp.o
LOAD ./src/PitchDetector/src/PitchDiagnostic.o
LOAD ./src/PitchDetector/src/ResponsiveMelodyDetector.o
LOAD ./src/PitchDetector/src/VolumeComparator.o
LOAD ./gr_common/RLduino78/cores/RLduino78_timer.o
LOAD ./gr_common/RLduino78/cores/avr/avrlib.o
LOAD ./gr_common/RLduino78/libraries/EEPROM/utility/data_flash_util.o
LOAD ./gr_common/RLduino78/libraries/Wire/utility/twi.o
LOAD ./gr_common/RLduino78/portable/e2studio/RL78/interrupt_handlers.o
LOAD ./gr_common/RLduino78/portable/e2studio/RL78/vector_table.o
LOAD ./gr_common/RLduino78/portable/e2studio/RL78/reset_program.o
LOAD ./gr_common/RLduino78/libraries/EEPROM/utility/pfdl.a
LOAD ./gr_common/RLduino78/libraries/PicalicoFree/picalicoFree.a

.vec            0x00000000        0x2
 *(.vec)
 .vec           0x00000000        0x2 ./gr_common/RLduino78/portable/e2studio/RL78/reset_program.o

.ivec           0x00000004       0x7c
 *(.ivec)
 .ivec          0x00000004       0x7c ./gr_common/RLduino78/portable/e2studio/RL78/vector_table.o
                0x00000004                Vectors
 .ivec          0x00000080        0x0 ./gr_common/RLduino78/portable/e2studio/RL78/reset_program.o

.opt            0x000000c0        0x4
 *(.opt)
 .opt           0x000000c0        0x4 ./gr_common/RLduino78/portable/e2studio/RL78/vector_table.o
                0x000000c0                Option_Bytes

.security_id    0x000000c4        0xa
 *(.security_id)
 .security_id   0x000000c4        0xa ./gr_common/RLduino78/portable/e2studio/RL78/vector_table.o
                0x000000c4                Security_Id

.csstart        0x000000d8        0x4
 *(.csstart)
 .csstart       0x000000d8        0x4 ./gr_common/RLduino78/portable/e2studio/RL78/reset_program.o
                0x000000d8                _csstart

.lowtext        0x000000dc      0x7e0
 *(.plt)
 .plt           0x000000dc      0x7e0 ./gr_sketch.o
                0x000000dc                _fflush_r.plt
                0x000000e0                __ascii_wctomb.plt
                0x000000e4                __swrite.plt
                0x000000e8                __sclose.plt
                0x000000ec                fclose.plt
                0x000000f0                _cleanup_r.plt
                0x000000f4                __sread.plt
                0x000000f8                __sseek.plt
                0x000006b4                __fp_lock.plt
                0x000006b8                __fp_unlock.plt
                0x000006ec                .Lmul_hi.plt
 *(.lowtext)

.data           0x000faf90      0x5ca load address 0x000008bc
                0x000faf90                . = ALIGN (0x2)
                0x000faf90                PROVIDE (__datastart, .)
 *(.jcr)
 .jcr           0x000faf90        0x0 C:/Renesas/e2studio/GNURL78v14.03-ELF/rl78-elf/lib/gcc/rl78-elf/4.8-GNURL78_v14.03/crtbegin.o
 .jcr           0x000faf90        0x2 C:/Renesas/e2studio/GNURL78v14.03-ELF/rl78-elf/lib/gcc/rl78-elf/4.8-GNURL78_v14.03/crtend.o
 *(.data.rel.ro.local)
 *(.data.rel.ro*)
 *(.dynamic)
 *(.data D .data.* .gnu.linkonce.d.*)
 .data.led_pin  0x000faf92        0x2 ./gr_sketch.o
                0x000faf92                led_pin
 .data.led_blue
                0x000faf94        0x2 ./gr_sketch.o
                0x000faf94                led_blue
 .data.led_green
                0x000faf96        0x2 ./gr_sketch.o
                0x000faf96                led_green
 .data.led_red  0x000faf98        0x2 ./gr_sketch.o
                0x000faf98                led_red
 .data._ZL11g_u8TonePin
                0x000faf9a        0x1 ./gr_common/RLduino78/cores/RLduino78_basic.o
 .data._ZL8g_u8ADUL
                0x000faf9b        0x1 ./gr_common/RLduino78/cores/RLduino78_basic.o
 .data._ZN8SdVolume17cacheBlockNumber_E
                0x000faf9c        0x4 ./gr_common/RLduino78/libraries/SD/utility/SdVolume.o
                0x000faf9c                SdVolume::cacheBlockNumber_
 .data.g_servo_refresh_interval
                0x000fafa0        0x2 ./gr_common/RLduino78/libraries/Servo/Servo.o
                0x000fafa0                g_servo_refresh_interval
 .data._ZL13kInitCommands
                0x000fafa2       0x96 ./src/BleCommunicator.o
 .data.rawdata_min
                0x000fb038        0x2 ./src/PitchDetector/src/OsakanaPitchDetectionFp.o
                0x000fb038                rawdata_min
 .data._ZL16s_eventDetectors
                0x000fb03a        0x6 ./src/PitchDetector/src/PeakDetectMachineFp.o
 .data._ZL7s_funcs
                0x000fb040       0x18 ./src/PitchDetector/src/PeakDetectMachineFp.o
 .data          0x000fb058        0x4 ./gr_common/RLduino78/portable/e2studio/RL78/reset_program.o
 .data          0x000fb05c        0x4 C:/Renesas/e2studio/GNURL78v14.03-ELF/rl78-elf/lib/gcc/rl78-elf/4.8-GNURL78_v14.03/crtbegin.o
                0x000fb05e                __dso_handle
 .data._ZN10__cxxabiv120__unexpected_handlerE
                0x000fb060        0x2 C:/Renesas/e2studio/GNURL78v14.03-ELF/rl78-elf/rl78-elf/lib\libstdc++.a(eh_unex_handler.o)
                0x000fb060                __cxxabiv1::__unexpected_handler
 .data._ZN10__cxxabiv119__terminate_handlerE
                0x000fb062        0x2 C:/Renesas/e2studio/GNURL78v14.03-ELF/rl78-elf/rl78-elf/lib\libstdc++.a(eh_term_handler.o)
                0x000fb062                __cxxabiv1::__terminate_handler
 .data          0x000fb064      0x260 C:/Renesas/e2studio/GNURL78v14.03-ELF/rl78-elf/rl78-elf/lib\libc.a(lib_a-impure.o)
                0x000fb064                _impure_ptr
 .data          0x000fb2c4      0x22a C:/Renesas/e2studio/GNURL78v14.03-ELF/rl78-elf/rl78-elf/lib\libc.a(lib_a-mallocr.o)
                0x000fb2c4                __malloc_current_mallinfo
                0x000fb2d8                __malloc_max_total_mem
                0x000fb2dc                __malloc_max_sbrked_mem
                0x000fb2e0                __malloc_sbrk_base
                0x000fb2e2                __malloc_top_pad
                0x000fb2e6                __malloc_trim_threshold
                0x000fb2ea                __malloc_av_
 .data          0x000fb4ee       0x6a C:/Renesas/e2studio/GNURL78v14.03-ELF/rl78-elf/rl78-elf/lib\libc.a(lib_a-locale.o)
                0x000fb550                _PathLocale
                0x000fb552                __mlocale_changed
                0x000fb554                __nlocale_changed
                0x000fb556                __mb_cur_max
 .data          0x000fb558        0x2 C:/Renesas/e2studio/GNURL78v14.03-ELF/rl78-elf/rl78-elf/lib\libc.a(lib_a-wctomb_r.o)
                0x000fb558                __wctomb
 *reset_program.o(*.data)
 *(.gnu.linkonce.d.*personality*)
 *(.data1)
 *(.got.plt)
 *(.got)
                0x000fb55a                . = ALIGN (0x2)
 *(.sdata .sdata.* .gnu.linkonce.s.* D_2 D_1)
                0x000fb55a                . = ALIGN (0x2)
                0x000fb55a                _edata = .
                0x000fb55a                PROVIDE (edata, .)
                0x000fb55a                PROVIDE (__dataend, .)
                0x000008bc                PROVIDE (__romdatastart, LOADADDR (.data))
                0x000005ca                PROVIDE (__romdatacopysize, SIZEOF (.data))

.tm_clone_table
                0x000fb55a        0x0 load address 0x00000e86
 .tm_clone_table
                0x000fb55a        0x0 C:/Renesas/e2studio/GNURL78v14.03-ELF/rl78-elf/lib/gcc/rl78-elf/4.8-GNURL78_v14.03/crtbegin.o
 .tm_clone_table
                0x000fb55a        0x0 C:/Renesas/e2studio/GNURL78v14.03-ELF/rl78-elf/lib/gcc/rl78-elf/4.8-GNURL78_v14.03/crtend.o

.bss            0x000fb55a     0x1266 load address 0x00000e86
                0x000fb55a                . = ALIGN (0x2)
                0x000fb55a                PROVIDE (__bssstart, .)
 *(.dynbss)
 *(.sbss .sbss.*)
 *(.bss B B_2 B_1 .bss.* .gnu.linkonce.b.*)
 .bss._ZL4s_pd  0x000fb55a        0xc ./gr_sketch.o
 .bss._ZL5s_mcr
                0x000fb566        0xa ./gr_sketch.o
 .bss._ZL6s_edge
                0x000fb570        0x6 ./gr_sketch.o
 .bss._ZL7s_pitch
                0x000fb576        0x8 ./gr_sketch.o
 .bss.com       0x000fb57e       0x4c ./gr_sketch.o
                0x000fb57e                com
 .bss.Serial2   0x000fb5ca       0x12 ./gr_common/RLduino78/cores/HardwareSerial.o
                0x000fb5ca                Serial2
 .bss.Serial1   0x000fb5dc       0x12 ./gr_common/RLduino78/cores/HardwareSerial.o
                0x000fb5dc                Serial1
 .bss.Serial    0x000fb5ee       0x12 ./gr_common/RLduino78/cores/HardwareSerial.o
                0x000fb5ee                Serial
 .bss.tx_buffer2
                0x000fb600      0x104 ./gr_common/RLduino78/cores/HardwareSerial.o
                0x000fb600                tx_buffer2
 .bss.rx_buffer2
                0x000fb704      0x104 ./gr_common/RLduino78/cores/HardwareSerial.o
                0x000fb704                rx_buffer2
 .bss.tx_buffer1
                0x000fb808      0x104 ./gr_common/RLduino78/cores/HardwareSerial.o
                0x000fb808                tx_buffer1
 .bss.rx_buffer1
                0x000fb90c      0x104 ./gr_common/RLduino78/cores/HardwareSerial.o
                0x000fb90c                rx_buffer1
 .bss.tx_buffer
                0x000fba10      0x104 ./gr_common/RLduino78/cores/HardwareSerial.o
                0x000fba10                tx_buffer
 .bss.rx_buffer
                0x000fbb14      0x104 ./gr_common/RLduino78/cores/HardwareSerial.o
                0x000fbb14                rx_buffer
 .bss._ZL11INADDR_NONE
                0x000fbc18        0x6 ./gr_common/RLduino78/cores/IPAddress.o
 .bss._ZL7g_SwPwm
                0x000fbc1e       0x18 ./gr_common/RLduino78/cores/RLduino78_basic.o
 .bss._ZL19g_u8SwPwmTicksCount
                0x000fbc36        0x1 ./gr_common/RLduino78/cores/RLduino78_basic.o
 *fill*         0x000fbc37        0x1 
 .bss._ZL20g_CyclicHandlerTable
                0x000fbc38       0x70 ./gr_common/RLduino78/cores/RLduino78_basic.o
 .bss._ZL22g_afInterruptFuncTable
                0x000fbca8        0x4 ./gr_common/RLduino78/cores/RLduino78_basic.o
 .bss._ZL23g_u32ToneInterruptCount
                0x000fbcac        0x4 ./gr_common/RLduino78/cores/RLduino78_basic.o
 .bss._ZL17g_u32ToneDuration
                0x000fbcb0        0x4 ./gr_common/RLduino78/cores/RLduino78_basic.o
 .bss._ZL14g_u8ToneToggle
                0x000fbcb4        0x1 ./gr_common/RLduino78/cores/RLduino78_basic.o
 .bss._ZL19g_bAdcInterruptFlag
                0x000fbcb5        0x1 ./gr_common/RLduino78/cores/RLduino78_basic.o
 .bss._ZL8g_u8ADLL
                0x000fbcb6        0x1 ./gr_common/RLduino78/cores/RLduino78_basic.o
 .bss._ZL19g_u8AnalogReference
                0x000fbcb7        0x1 ./gr_common/RLduino78/cores/RLduino78_basic.o
 .bss._ZL22g_u8OperationClockMode
                0x000fbcb8        0x1 ./gr_common/RLduino78/cores/RLduino78_basic.o
 .bss._ZL23g_u8PowerManagementMode
                0x000fbcb9        0x1 ./gr_common/RLduino78/cores/RLduino78_basic.o
 .bss._ZL29g_u8AnalogWriteAvailableTable
                0x000fbcba       0x19 ./gr_common/RLduino78/cores/RLduino78_basic.o
 .bss.g_u8ResetFlag
                0x000fbcd3        0x1 ./gr_common/RLduino78/cores/RLduino78_main.o
                0x000fbcd3                g_u8ResetFlag
 .bss._ZL33g_fRTCConstantPeriodInterruptFunc
                0x000fbcd4        0x2 ./gr_common/RLduino78/cores/RLduino78_RTC.o
 .bss._ZL19g_fRTCInterruptFunc
                0x000fbcd6        0x2 ./gr_common/RLduino78/cores/RLduino78_RTC.o
 .bss._ZL11INADDR_NONE
                0x000fbcd8        0x6 ./gr_common/RLduino78/libraries/Ethernet/Dhcp.o
 .bss._ZL11INADDR_NONE
                0x000fbcde        0x6 ./gr_common/RLduino78/libraries/Ethernet/Dns.o
 .bss.Ethernet  0x000fbce4        0x8 ./gr_common/RLduino78/libraries/Ethernet/Ethernet.o
                0x000fbce4                Ethernet
 .bss._ZL11INADDR_NONE
                0x000fbcec        0x6 ./gr_common/RLduino78/libraries/Ethernet/Ethernet.o
 .bss._ZL11INADDR_NONE
                0x000fbcf2        0x6 ./gr_common/RLduino78/libraries/Ethernet/EthernetClient.o
 .bss._ZL11INADDR_NONE
                0x000fbcf8        0x6 ./gr_common/RLduino78/libraries/Ethernet/EthernetServer.o
 .bss._ZL11INADDR_NONE
                0x000fbcfe        0x6 ./gr_common/RLduino78/libraries/Ethernet/EthernetUdp.o
 .bss._ZL11INADDR_NONE
                0x000fbd04        0x6 ./gr_common/RLduino78/libraries/Ethernet/Twitter.o
 .bss.Firmata   0x000fbd0a       0x3c ./gr_common/RLduino78/libraries/Firmata/Firmata.o
                0x000fbd0a                Firmata
 .bss.SD        0x000fbd46       0x50 ./gr_common/RLduino78/libraries/SD/SD.o
                0x000fbd46                SD
 .bss._ZN6SdFile9dateTime_E
                0x000fbd96        0x2 ./gr_common/RLduino78/libraries/SD/utility/SdFile.o
                0x000fbd96                SdFile::dateTime_
 .bss._ZN8SdVolume17cacheMirrorBlock_E
                0x000fbd98        0x4 ./gr_common/RLduino78/libraries/SD/utility/SdVolume.o
                0x000fbd98                SdVolume::cacheMirrorBlock_
 .bss._ZN8SdVolume11cacheDirty_E
                0x000fbd9c        0x1 ./gr_common/RLduino78/libraries/SD/utility/SdVolume.o
                0x000fbd9c                SdVolume::cacheDirty_
 *fill*         0x000fbd9d        0x1 
 .bss._ZN8SdVolume7sdCard_E
                0x000fbd9e        0x2 ./gr_common/RLduino78/libraries/SD/utility/SdVolume.o
                0x000fbd9e                SdVolume::sdCard_
 .bss._ZN8SdVolume12cacheBuffer_E
                0x000fbda0      0x206 ./gr_common/RLduino78/libraries/SD/utility/SdVolume.o
                0x000fbda0                SdVolume::cacheBuffer_
 .bss.totalTicks
                0x000fbfa6        0x2 ./gr_common/RLduino78/libraries/Servo/Servo.o
                0x000fbfa6                totalTicks
 .bss.ServoCount
                0x000fbfa8        0x1 ./gr_common/RLduino78/libraries/Servo/Servo.o
                0x000fbfa8                ServoCount
 .bss._ZL7Channel
                0x000fbfa9        0x1 ./gr_common/RLduino78/libraries/Servo/Servo.o
 .bss._ZL6servos
                0x000fbfaa       0x30 ./gr_common/RLduino78/libraries/Servo/Servo.o
 .bss.Wire      0x000fbfda        0xc ./gr_common/RLduino78/libraries/Wire/Wire.o
                0x000fbfda                Wire
 .bss._ZN7TwoWire12transmittingE
                0x000fbfe6        0x1 ./gr_common/RLduino78/libraries/Wire/Wire.o
                0x000fbfe6                TwoWire::transmitting
 .bss._ZN7TwoWire14txBufferLengthE
                0x000fbfe7        0x1 ./gr_common/RLduino78/libraries/Wire/Wire.o
                0x000fbfe7                TwoWire::txBufferLength
 .bss._ZN7TwoWire13txBufferIndexE
                0x000fbfe8        0x1 ./gr_common/RLduino78/libraries/Wire/Wire.o
                0x000fbfe8                TwoWire::txBufferIndex
 .bss._ZN7TwoWire8txBufferE
                0x000fbfe9       0x20 ./gr_common/RLduino78/libraries/Wire/Wire.o
                0x000fbfe9                TwoWire::txBuffer
 .bss._ZN7TwoWire14rxBufferLengthE
                0x000fc009        0x1 ./gr_common/RLduino78/libraries/Wire/Wire.o
                0x000fc009                TwoWire::rxBufferLength
 .bss._ZN7TwoWire13rxBufferIndexE
                0x000fc00a        0x1 ./gr_common/RLduino78/libraries/Wire/Wire.o
                0x000fc00a                TwoWire::rxBufferIndex
 .bss._ZN7TwoWire8rxBufferE
                0x000fc00b       0x20 ./gr_common/RLduino78/libraries/Wire/Wire.o
                0x000fc00b                TwoWire::rxBuffer
 *fill*         0x000fc02b        0x1 
 .bss.rawdata_max
                0x000fc02c        0x2 ./src/PitchDetector/src/OsakanaPitchDetectionFp.o
                0x000fc02c                rawdata_max
 .bss.x2        0x000fc02e      0x100 ./src/PitchDetector/src/OsakanaPitchDetectionFp.o
                0x000fc02e                x2
 .bss.x         0x000fc12e      0x400 ./src/PitchDetector/src/OsakanaPitchDetectionFp.o
                0x000fc12e                x
 .bss.g_fITInterruptFunc
                0x000fc52e        0x2 ./gr_common/RLduino78/cores/RLduino78_timer.o
                0x000fc52e                g_fITInterruptFunc
 .bss.g_timer05_overflow_count
                0x000fc530        0x4 ./gr_common/RLduino78/cores/RLduino78_timer.o
                0x000fc530                g_timer05_overflow_count
 .bss.g_u32delay_timer
                0x000fc534        0x4 ./gr_common/RLduino78/cores/RLduino78_timer.o
                0x000fc534                g_u32delay_timer
 .bss.g_u32timer_millis
                0x000fc538        0x4 ./gr_common/RLduino78/cores/RLduino78_timer.o
                0x000fc538                g_u32timer_millis
 .bss.i2cSlaveReciver
                0x000fc53c        0x1 ./gr_common/RLduino78/libraries/Wire/utility/twi.o
 .bss.i2cStop   0x000fc53d        0x1 ./gr_common/RLduino78/libraries/Wire/utility/twi.o
 .bss.twi_error
                0x000fc53e        0x1 ./gr_common/RLduino78/libraries/Wire/utility/twi.o
 .bss.twi_rxBufferIndex
                0x000fc53f        0x1 ./gr_common/RLduino78/libraries/Wire/utility/twi.o
 .bss.twi_rxBuffer
                0x000fc540       0x20 ./gr_common/RLduino78/libraries/Wire/utility/twi.o
 .bss.twi_txBufferLength
                0x000fc560        0x1 ./gr_common/RLduino78/libraries/Wire/utility/twi.o
 .bss.twi_txBufferIndex
                0x000fc561        0x1 ./gr_common/RLduino78/libraries/Wire/utility/twi.o
 .bss.twi_txBuffer
                0x000fc562       0x20 ./gr_common/RLduino78/libraries/Wire/utility/twi.o
 .bss.twi_masterBufferLength
                0x000fc582        0x1 ./gr_common/RLduino78/libraries/Wire/utility/twi.o
 .bss.twi_masterBufferIndex
                0x000fc583        0x1 ./gr_common/RLduino78/libraries/Wire/utility/twi.o
 .bss.twi_masterBuffer
                0x000fc584       0x20 ./gr_common/RLduino78/libraries/Wire/utility/twi.o
 .bss.twi_onSlaveReceive
                0x000fc5a4        0x2 ./gr_common/RLduino78/libraries/Wire/utility/twi.o
 .bss.twi_onSlaveTransmit
                0x000fc5a6        0x2 ./gr_common/RLduino78/libraries/Wire/utility/twi.o
 .bss.twi_inRepStart
                0x000fc5a8        0x1 ./gr_common/RLduino78/libraries/Wire/utility/twi.o
 .bss.twi_sendStop
                0x000fc5a9        0x1 ./gr_common/RLduino78/libraries/Wire/utility/twi.o
 .bss.twi_state
                0x000fc5aa        0x1 ./gr_common/RLduino78/libraries/Wire/utility/twi.o
 *fill*         0x000fc5ab        0x1 
 .bss.INT_TM_HOOK
                0x000fc5ac        0x2 ./gr_common/RLduino78/portable/e2studio/RL78/interrupt_handlers.o
                0x000fc5ac                INT_TM_HOOK
 .bss           0x000fc5ae        0x0 ./gr_common/RLduino78/portable/e2studio/RL78/reset_program.o
 .bss           0x000fc5ae        0x4 C:/Renesas/e2studio/GNURL78v14.03-ELF/rl78-elf/lib/gcc/rl78-elf/4.8-GNURL78_v14.03/crtbegin.o
 .bss._ZL14emergency_used
                0x000fc5b2        0x2 C:/Renesas/e2studio/GNURL78v14.03-ELF/rl78-elf/rl78-elf/lib\libstdc++.a(eh_alloc.o)
 .bss._ZL16emergency_buffer
                0x000fc5b4      0x200 C:/Renesas/e2studio/GNURL78v14.03-ELF/rl78-elf/rl78-elf/lib\libstdc++.a(eh_alloc.o)
 .bss.__new_handler
                0x000fc7b4        0x2 C:/Renesas/e2studio/GNURL78v14.03-ELF/rl78-elf/rl78-elf/lib\libstdc++.a(new_handler.o)
                0x000fc7b4                __new_handler
 .bss._ZL10eh_globals
                0x000fc7b6        0x4 C:/Renesas/e2studio/GNURL78v14.03-ELF/rl78-elf/rl78-elf/lib\libstdc++.a(eh_globals.o)
 .bss.fc_static
                0x000fc7ba        0x2 C:/Renesas/e2studio/GNURL78v14.03-ELF/rl78-elf/lib/gcc/rl78-elf/4.8-GNURL78_v14.03\libgcc.a(unwind-sjlj.o)
 .bss           0x000fc7bc        0x2 C:/Renesas/e2studio/GNURL78v14.03-ELF/rl78-elf/rl78-elf/lib\libnosys.a(sbrk.o)
 *reset_program.o(.bss)
                0x000fc7be                . = ALIGN (0x2)
 *(COMMON)
 COMMON         0x000fc7be        0x2 C:/Renesas/e2studio/GNURL78v14.03-ELF/rl78-elf/rl78-elf/lib\libnosys.a(errno.o)
                0x000fc7be                errno
                0x000fc7c0                . = ALIGN (0x2)
                0x000fc7c0                PROVIDE (__bssend, .)
                0x000fc7c0                _end = .
                0x000fc7c0                PROVIDE (end, .)
                0x00001266                PROVIDE (__bsssize, SIZEOF (.bss))

.stack          0x000ffe00        0x0
                0x000ffe00                PROVIDE (__stack, .)
 *(.stack)

.rodata         0x00003000     0x1960
                0x00003000                . = ALIGN (0x2)
 *(.plt)
 *(.rodata C C_2 C_1 .rodata.* .gnu.linkonce.r.*)
 .rodata        0x00003000       0xd8 ./gr_sketch.o
 .rodata._ZTI6Stream
                0x000030d8        0x6 ./gr_common/RLduino78/cores/HardwareSerial.o
                0x000030d8                typeinfo for Stream
 .rodata._ZTS6Stream
                0x000030de        0x8 ./gr_common/RLduino78/cores/HardwareSerial.o
                0x000030de                typeinfo name for Stream
 .rodata._ZTS14HardwareSerial
                0x000030e6       0x11 ./gr_common/RLduino78/cores/HardwareSerial.o
                0x000030e6                typeinfo name for HardwareSerial
 *fill*         0x000030f7        0x1 
 .rodata._ZTI14HardwareSerial
                0x000030f8        0x6 ./gr_common/RLduino78/cores/HardwareSerial.o
                0x000030f8                typeinfo for HardwareSerial
 .rodata._ZTV14HardwareSerial
                0x000030fe       0x10 ./gr_common/RLduino78/cores/HardwareSerial.o
                0x000030fe                vtable for HardwareSerial
 .rodata._ZTI9Printable
                0x0000310e        0x4 ./gr_common/RLduino78/cores/IPAddress.o
                0x0000310e                typeinfo for Printable
 .rodata._ZTS9Printable
                0x00003112        0xb ./gr_common/RLduino78/cores/IPAddress.o
                0x00003112                typeinfo name for Printable
 .rodata._ZTS9IPAddress
                0x0000311d        0xb ./gr_common/RLduino78/cores/IPAddress.o
                0x0000311d                typeinfo name for IPAddress
 .rodata._ZTI9IPAddress
                0x00003128        0x6 ./gr_common/RLduino78/cores/IPAddress.o
                0x00003128                typeinfo for IPAddress
 .rodata._ZTV9IPAddress
                0x0000312e        0x6 ./gr_common/RLduino78/cores/IPAddress.o
                0x0000312e                vtable for IPAddress
 .rodata._ZTS5Print
                0x00003134        0x7 ./gr_common/RLduino78/cores/Print.o
                0x00003134                typeinfo name for Print
 *fill*         0x0000313b        0x1 
 .rodata._ZTI5Print
                0x0000313c        0x4 ./gr_common/RLduino78/cores/Print.o
                0x0000313c                typeinfo for Print
 .rodata._ZL19g_au8AnalogPinTable
                0x00003140        0x8 ./gr_common/RLduino78/cores/RLduino78_basic.o
 .rodata.PinTable
                0x00003148      0x15e ./gr_common/RLduino78/cores/RLduino78_basic.o
                0x00003148                PinTable
 .rodata        0x000032a6        0x1 ./gr_common/RLduino78/cores/Stream.o
 .rodata._ZZL5_itoaiPciE5table
                0x000032a7       0x25 ./gr_common/RLduino78/cores/WString.o
 .rodata._ZTS6SdFile
                0x000032cc        0x8 ./gr_common/RLduino78/libraries/SD/utility/SdFile.o
                0x000032cc                typeinfo name for SdFile
 .rodata._ZTI6SdFile
                0x000032d4        0x6 ./gr_common/RLduino78/libraries/SD/utility/SdFile.o
                0x000032d4                typeinfo for SdFile
 .rodata._ZTV6SdFile
                0x000032da        0x8 ./gr_common/RLduino78/libraries/SD/utility/SdFile.o
                0x000032da                vtable for SdFile
 .rodata._ZTS7TwoWire
                0x000032e2        0x9 ./gr_common/RLduino78/libraries/Wire/Wire.o
                0x000032e2                typeinfo name for TwoWire
 *fill*         0x000032eb        0x1 
 .rodata._ZTI7TwoWire
                0x000032ec        0x6 ./gr_common/RLduino78/libraries/Wire/Wire.o
                0x000032ec                typeinfo for TwoWire
 .rodata._ZTV7TwoWire
                0x000032f2       0x10 ./gr_common/RLduino78/libraries/Wire/Wire.o
                0x000032f2                vtable for TwoWire
 .rodata        0x00003302      0x1a5 ./src/BleCommunicator.o
 .rodata.CSWTCH.24
                0x000034a7        0x4 ./src/BleMidiCommunicator.o
 *fill*         0x000034ab        0x1 
 .rodata._ZL10s_melodies
                0x000034ac       0x66 ./src/BleMidiCommunicator.o
 .rodata._ZL14s_tuneLowNotes
                0x00003512        0x4 ./src/BleMidiCommunicator.o
 .rodata._ZL15s_tuneHighNotes
                0x00003516        0x4 ./src/BleMidiCommunicator.o
 .rodata._ZL15s_tuneGoodNotes
                0x0000351a        0x4 ./src/BleMidiCommunicator.o
 .rodata._ZL13s_blkExecuted
                0x0000351e       0x1c ./src/BleMidiCommunicator.o
 .rodata._ZL10s_blkNotes
                0x0000353a        0xc ./src/BleMidiCommunicator.o
 .rodata._ZL13s_dovExecuted
                0x00003546       0x1c ./src/BleMidiCommunicator.o
 .rodata._ZL10s_dovNotes
                0x00003562       0x10 ./src/BleMidiCommunicator.o
 .rodata._ZL13s_eliExecuted
                0x00003572       0x30 ./src/BleMidiCommunicator.o
 .rodata._ZL10s_eliNotes
                0x000035a2       0x10 ./src/BleMidiCommunicator.o
 .rodata._ZL13s_betExecuted
                0x000035b2       0x2c ./src/BleMidiCommunicator.o
 .rodata._ZL10s_betNotes
                0x000035de        0xc ./src/BleMidiCommunicator.o
 .rodata._ZL13s_picExecuted
                0x000035ea       0x10 ./src/BleMidiCommunicator.o
 .rodata._ZL10s_picNotes
                0x000035fa       0x1c ./src/BleMidiCommunicator.o
 .rodata._ZL17s_fugaExecutedLow
                0x00003616        0xc ./src/BleMidiCommunicator.o
 .rodata._ZL18s_fugaExecutedHigh
                0x00003622        0xc ./src/BleMidiCommunicator.o
 .rodata._ZL11s_fugaNotes
                0x0000362e       0x14 ./src/BleMidiCommunicator.o
 .rodata._ZL11s_bootNotes
                0x00003642       0x20 ./src/BleMidiCommunicator.o
 .rodata._ZTS19BleMidiCommunicator
                0x00003662       0x16 ./src/BleMidiCommunicator.o
                0x00003662                typeinfo name for BleMidiCommunicator
 .rodata._ZTI19BleMidiCommunicator
                0x00003678        0x6 ./src/BleMidiCommunicator.o
                0x00003678                typeinfo for BleMidiCommunicator
 .rodata._ZTV19BleMidiCommunicator
                0x0000367e       0x20 ./src/BleMidiCommunicator.o
                0x0000367e                vtable for BleMidiCommunicator
 .rodata.kMelBlk1Count
                0x0000369e        0x1 ./src/BleMidiCommunicator.o
                0x0000369e                kMelBlk1Count
 .rodata.kMelBlk0Count
                0x0000369f        0x1 ./src/BleMidiCommunicator.o
                0x0000369f                kMelBlk0Count
 .rodata.kMelBlk1
                0x000036a0        0x4 ./src/BleMidiCommunicator.o
                0x000036a0                kMelBlk1
 .rodata.kMelBlk0
                0x000036a4        0xa ./src/BleMidiCommunicator.o
                0x000036a4                kMelBlk0
 .rodata.kMelDev1Count
                0x000036ae        0x1 ./src/BleMidiCommunicator.o
                0x000036ae                kMelDev1Count
 .rodata.kMelDev0Count
                0x000036af        0x1 ./src/BleMidiCommunicator.o
                0x000036af                kMelDev0Count
 .rodata.kMelDev1
                0x000036b0        0x4 ./src/BleMidiCommunicator.o
                0x000036b0                kMelDev1
 .rodata.kMelDev0
                0x000036b4        0xa ./src/BleMidiCommunicator.o
                0x000036b4                kMelDev0
 .rodata.kMelEli1Count
                0x000036be        0x1 ./src/BleMidiCommunicator.o
                0x000036be                kMelEli1Count
 .rodata.kMelEli0Count
                0x000036bf        0x1 ./src/BleMidiCommunicator.o
                0x000036bf                kMelEli0Count
 .rodata.kMelEli1
                0x000036c0        0x2 ./src/BleMidiCommunicator.o
                0x000036c0                kMelEli1
 .rodata.kMelEli0
                0x000036c2        0xa ./src/BleMidiCommunicator.o
                0x000036c2                kMelEli0
 .rodata.kMelBet1Count
                0x000036cc        0x1 ./src/BleMidiCommunicator.o
                0x000036cc                kMelBet1Count
 .rodata.kMelBet0Count
                0x000036cd        0x1 ./src/BleMidiCommunicator.o
                0x000036cd                kMelBet0Count
 .rodata.kMelBet1
                0x000036ce        0x2 ./src/BleMidiCommunicator.o
                0x000036ce                kMelBet1
 .rodata.kMelBet0
                0x000036d0        0x8 ./src/BleMidiCommunicator.o
                0x000036d0                kMelBet0
 .rodata.kMelPic1Count
                0x000036d8        0x1 ./src/BleMidiCommunicator.o
                0x000036d8                kMelPic1Count
 .rodata.kMelPic0Count
                0x000036d9        0x1 ./src/BleMidiCommunicator.o
                0x000036d9                kMelPic0Count
 .rodata.kMelPic1
                0x000036da        0x4 ./src/BleMidiCommunicator.o
                0x000036da                kMelPic1
 .rodata.kMelPic0
                0x000036de        0x8 ./src/BleMidiCommunicator.o
                0x000036de                kMelPic0
 .rodata.kMelFuga1Count
                0x000036e6        0x1 ./src/BleMidiCommunicator.o
                0x000036e6                kMelFuga1Count
 .rodata.kMelFuga0Count
                0x000036e7        0x1 ./src/BleMidiCommunicator.o
                0x000036e7                kMelFuga0Count
 .rodata.kMelFuga1
                0x000036e8        0x4 ./src/BleMidiCommunicator.o
                0x000036e8                kMelFuga1
 .rodata.kMelFuga0
                0x000036ec        0x8 ./src/BleMidiCommunicator.o
                0x000036ec                kMelFuga0
 .rodata._ZTS12Communicator
                0x000036f4        0xf ./src/Communicator.o
                0x000036f4                typeinfo name for Communicator
 *fill*         0x00003703        0x1 
 .rodata._ZTI12Communicator
                0x00003704        0x4 ./src/Communicator.o
                0x00003704                typeinfo for Communicator
 .rodata._ZTV12Communicator
                0x00003708       0x20 ./src/Communicator.o
                0x00003708                vtable for Communicator
 .rodata        0x00003728       0x76 ./src/Rn4020Controller.o
 .rodata._ZN16Rn4020Controller13kInitCommandsE
                0x0000379e       0x90 ./src/Rn4020Controller.o
                0x0000379e                Rn4020Controller::kInitCommands
 .rodata        0x0000382e       0x37 ./src/StringUtility.o
 .rodata._ZZ22copyCommaSeparatedWordE19__PRETTY_FUNCTION__
                0x00003865       0x36 ./src/StringUtility.o
 .rodata._ZZ21getCommaSeparatedWordE19__PRETTY_FUNCTION__
                0x0000389b       0x35 ./src/StringUtility.o
 .rodata._ZL20s_bitReversePairNums
                0x000038d0       0x14 ./src/OsakanaFFT/src/OsakanaFpFft.o
 .rodata._ZL16s_bitReverse0256
                0x000038e4      0x1e0 ./src/OsakanaFFT/src/OsakanaFpFft.o
 .rodata._ZL5W0256
                0x00003ac4      0x200 ./src/OsakanaFFT/src/OsakanaFpFft.o
 .rodata._ZL17s_bitReverseTable
                0x00003cc4       0x14 ./src/OsakanaFFT/src/OsakanaFpFft.o
 .rodata._ZL12s_twiddlesFp
                0x00003cd8       0x14 ./src/OsakanaFFT/src/OsakanaFpFft.o
 .rodata._ZTI17BasePitchDetector
                0x00003cec        0x4 ./src/PitchDetector/src/OsakanaPitchDetection.o
                0x00003cec                typeinfo for BasePitchDetector
 .rodata._ZTS17BasePitchDetector
                0x00003cf0       0x14 ./src/PitchDetector/src/OsakanaPitchDetection.o
                0x00003cf0                typeinfo name for BasePitchDetector
 .rodata._ZTV17BasePitchDetector
                0x00003d04        0xe ./src/PitchDetector/src/OsakanaPitchDetection.o
                0x00003d04                vtable for BasePitchDetector
 .rodata._ZL21kNoteTable8IndexRange
                0x00003d12      0x290 ./src/PitchDetector/src/OsakanaPitchDetectionFp.o
 .rodata._ZL11kNoteTable8
                0x00003fa2      0x400 ./src/PitchDetector/src/OsakanaPitchDetectionFp.o
 .rodata._ZTS15PitchDetectorFp
                0x000043a2       0x12 ./src/PitchDetector/src/OsakanaPitchDetectionFp.o
                0x000043a2                typeinfo name for PitchDetectorFp
 .rodata._ZTI15PitchDetectorFp
                0x000043b4        0xe ./src/PitchDetector/src/OsakanaPitchDetectionFp.o
                0x000043b4                typeinfo for PitchDetectorFp
 .rodata._ZTV15PitchDetectorFp
                0x000043c2        0xe ./src/PitchDetector/src/OsakanaPitchDetectionFp.o
                0x000043c2                vtable for PitchDetectorFp
 .rodata        0x000043d0       0x1d ./src/PitchDetector/src/OsakanaPitchDetectionFp.o
 *fill*         0x000043ed        0x1 
 .rodata._ZL12kNoteStrings
                0x000043ee       0x18 ./src/PitchDetector/src/OsakanaPitchDetectionFp.o
 .rodata._ZTSN10__cxxabiv120__si_class_type_infoE
                0x00004406       0x25 C:/Renesas/e2studio/GNURL78v14.03-ELF/rl78-elf/rl78-elf/lib\libstdc++.a(si_class_type_info.o)
                0x00004406                typeinfo name for __cxxabiv1::__si_class_type_info
 *fill*         0x0000442b        0x1 
 .rodata._ZTIN10__cxxabiv120__si_class_type_infoE
                0x0000442c        0x6 C:/Renesas/e2studio/GNURL78v14.03-ELF/rl78-elf/rl78-elf/lib\libstdc++.a(si_class_type_info.o)
                0x0000442c                typeinfo for __cxxabiv1::__si_class_type_info
 .rodata._ZTVN10__cxxabiv120__si_class_type_infoE
                0x00004432       0x16 C:/Renesas/e2studio/GNURL78v14.03-ELF/rl78-elf/rl78-elf/lib\libstdc++.a(si_class_type_info.o)
                0x00004432                vtable for __cxxabiv1::__si_class_type_info
 .rodata._ZTSN10__cxxabiv117__class_type_infoE
                0x00004448       0x22 C:/Renesas/e2studio/GNURL78v14.03-ELF/rl78-elf/rl78-elf/lib\libstdc++.a(class_type_info.o)
                0x00004448                typeinfo name for __cxxabiv1::__class_type_info
 .rodata._ZTIN10__cxxabiv117__class_type_infoE
                0x0000446a        0x6 C:/Renesas/e2studio/GNURL78v14.03-ELF/rl78-elf/rl78-elf/lib\libstdc++.a(class_type_info.o)
                0x0000446a                typeinfo for __cxxabiv1::__class_type_info
 .rodata._ZTVN10__cxxabiv117__class_type_infoE
                0x00004470       0x16 C:/Renesas/e2studio/GNURL78v14.03-ELF/rl78-elf/rl78-elf/lib\libstdc++.a(class_type_info.o)
                0x00004470                vtable for __cxxabiv1::__class_type_info
 .rodata        0x00004486       0x22 C:/Renesas/e2studio/GNURL78v14.03-ELF/rl78-elf/rl78-elf/lib\libstdc++.a(eh_exception.o)
 .rodata._ZTSSt9exception
                0x000044a8        0xd C:/Renesas/e2studio/GNURL78v14.03-ELF/rl78-elf/rl78-elf/lib\libstdc++.a(eh_exception.o)
                0x000044a8                typeinfo name for std::exception
 *fill*         0x000044b5        0x1 
 .rodata._ZTISt9exception
                0x000044b6        0x4 C:/Renesas/e2studio/GNURL78v14.03-ELF/rl78-elf/rl78-elf/lib\libstdc++.a(eh_exception.o)
                0x000044b6                typeinfo for std::exception
 .rodata._ZTSSt13bad_exception
                0x000044ba       0x12 C:/Renesas/e2studio/GNURL78v14.03-ELF/rl78-elf/rl78-elf/lib\libstdc++.a(eh_exception.o)
                0x000044ba                typeinfo name for std::bad_exception
 .rodata._ZTISt13bad_exception
                0x000044cc        0x6 C:/Renesas/e2studio/GNURL78v14.03-ELF/rl78-elf/rl78-elf/lib\libstdc++.a(eh_exception.o)
                0x000044cc                typeinfo for std::bad_exception
 .rodata._ZTSN10__cxxabiv115__forced_unwindE
                0x000044d2       0x20 C:/Renesas/e2studio/GNURL78v14.03-ELF/rl78-elf/rl78-elf/lib\libstdc++.a(eh_exception.o)
                0x000044d2                typeinfo name for __cxxabiv1::__forced_unwind
 .rodata._ZTIN10__cxxabiv115__forced_unwindE
                0x000044f2        0x4 C:/Renesas/e2studio/GNURL78v14.03-ELF/rl78-elf/rl78-elf/lib\libstdc++.a(eh_exception.o)
                0x000044f2                typeinfo for __cxxabiv1::__forced_unwind
 .rodata._ZTSN10__cxxabiv119__foreign_exceptionE
                0x000044f6       0x24 C:/Renesas/e2studio/GNURL78v14.03-ELF/rl78-elf/rl78-elf/lib\libstdc++.a(eh_exception.o)
                0x000044f6                typeinfo name for __cxxabiv1::__foreign_exception
 .rodata._ZTIN10__cxxabiv119__foreign_exceptionE
                0x0000451a        0x4 C:/Renesas/e2studio/GNURL78v14.03-ELF/rl78-elf/rl78-elf/lib\libstdc++.a(eh_exception.o)
                0x0000451a                typeinfo for __cxxabiv1::__foreign_exception
 .rodata._ZTVSt9exception
                0x0000451e        0xa C:/Renesas/e2studio/GNURL78v14.03-ELF/rl78-elf/rl78-elf/lib\libstdc++.a(eh_exception.o)
                0x0000451e                vtable for std::exception
 .rodata._ZTVSt13bad_exception
                0x00004528        0xa C:/Renesas/e2studio/GNURL78v14.03-ELF/rl78-elf/rl78-elf/lib\libstdc++.a(eh_exception.o)
                0x00004528                vtable for std::bad_exception
 .rodata._ZTSSt9type_info
                0x00004532        0xd C:/Renesas/e2studio/GNURL78v14.03-ELF/rl78-elf/rl78-elf/lib\libstdc++.a(tinfo.o)
                0x00004532                typeinfo name for std::type_info
 *fill*         0x0000453f        0x1 
 .rodata._ZTISt9type_info
                0x00004540        0x4 C:/Renesas/e2studio/GNURL78v14.03-ELF/rl78-elf/rl78-elf/lib\libstdc++.a(tinfo.o)
                0x00004540                typeinfo for std::type_info
 .rodata._ZTVSt9type_info
                0x00004544       0x10 C:/Renesas/e2studio/GNURL78v14.03-ELF/rl78-elf/rl78-elf/lib\libstdc++.a(tinfo.o)
                0x00004544                vtable for std::type_info
 .rodata._ZTSN10__cxxabiv121__vmi_class_type_infoE
                0x00004554       0x26 C:/Renesas/e2studio/GNURL78v14.03-ELF/rl78-elf/rl78-elf/lib\libstdc++.a(vmi_class_type_info.o)
                0x00004554                typeinfo name for __cxxabiv1::__vmi_class_type_info
 .rodata._ZTIN10__cxxabiv121__vmi_class_type_infoE
                0x0000457a        0x6 C:/Renesas/e2studio/GNURL78v14.03-ELF/rl78-elf/rl78-elf/lib\libstdc++.a(vmi_class_type_info.o)
                0x0000457a                typeinfo for __cxxabiv1::__vmi_class_type_info
 .rodata._ZTVN10__cxxabiv121__vmi_class_type_infoE
                0x00004580       0x16 C:/Renesas/e2studio/GNURL78v14.03-ELF/rl78-elf/rl78-elf/lib\libstdc++.a(vmi_class_type_info.o)
                0x00004580                vtable for __cxxabiv1::__vmi_class_type_info
 .rodata        0x00004596       0x3b C:/Renesas/e2studio/GNURL78v14.03-ELF/rl78-elf/rl78-elf/lib\libstdc++.a(pure.o)
 .rodata        0x000045d1        0xf C:/Renesas/e2studio/GNURL78v14.03-ELF/rl78-elf/rl78-elf/lib\libstdc++.a(bad_alloc.o)
 .rodata._ZTSSt9bad_alloc
                0x000045e0        0xd C:/Renesas/e2studio/GNURL78v14.03-ELF/rl78-elf/rl78-elf/lib\libstdc++.a(bad_alloc.o)
                0x000045e0                typeinfo name for std::bad_alloc
 *fill*         0x000045ed        0x1 
 .rodata._ZTISt9bad_alloc
                0x000045ee        0x6 C:/Renesas/e2studio/GNURL78v14.03-ELF/rl78-elf/rl78-elf/lib\libstdc++.a(bad_alloc.o)
                0x000045ee                typeinfo for std::bad_alloc
 .rodata._ZTVSt9bad_alloc
                0x000045f4        0xa C:/Renesas/e2studio/GNURL78v14.03-ELF/rl78-elf/rl78-elf/lib\libstdc++.a(bad_alloc.o)
                0x000045f4                vtable for std::bad_alloc
 .rodata        0x000045fe       0x3d C:/Renesas/e2studio/GNURL78v14.03-ELF/rl78-elf/rl78-elf/lib\libc.a(lib_a-assert.o)
 *fill*         0x0000463b        0x1 
 .rodata        0x0000463c        0x4 C:/Renesas/e2studio/GNURL78v14.03-ELF/rl78-elf/rl78-elf/lib\libc.a(lib_a-impure.o)
                0x0000463c                _global_impure_ptr
 .rodata        0x00004640       0x54 C:/Renesas/e2studio/GNURL78v14.03-ELF/rl78-elf/rl78-elf/lib\libc.a(lib_a-svfprintf.o)
 .rodata        0x00004694       0x42 C:/Renesas/e2studio/GNURL78v14.03-ELF/rl78-elf/rl78-elf/lib\libc.a(lib_a-vfiprintf.o)
 .rodata        0x000046d6        0xf C:/Renesas/e2studio/GNURL78v14.03-ELF/rl78-elf/rl78-elf/lib\libc.a(lib_a-dtoa.o)
 .rodata        0x000046e5        0xb C:/Renesas/e2studio/GNURL78v14.03-ELF/rl78-elf/rl78-elf/lib\libc.a(lib_a-locale.o)
 .rodata        0x000046f0       0x7a C:/Renesas/e2studio/GNURL78v14.03-ELF/rl78-elf/rl78-elf/lib\libc.a(lib_a-mprec.o)
                0x000046f6                __mprec_tinytens
                0x000046fe                __mprec_bigtens
                0x00004706                __mprec_tens
 .rodata        0x0000476a       0x42 C:/Renesas/e2studio/GNURL78v14.03-ELF/rl78-elf/rl78-elf/lib\libc.a(lib_a-svfiprintf.o)
 .rodata.__thenan_sf
                0x000047ac        0xa C:/Renesas/e2studio/GNURL78v14.03-ELF/rl78-elf/lib/gcc/rl78-elf/4.8-GNURL78_v14.03\libgcc.a(_thenan_sf.o)
                0x000047ac                __thenan_sf
 .rodata.__clz_tab
                0x000047b6      0x100 C:/Renesas/e2studio/GNURL78v14.03-ELF/rl78-elf/lib/gcc/rl78-elf/4.8-GNURL78_v14.03\libgcc.a(_clz.o)
                0x000047b6                __clz_tab
 *(.rodata1)
 *(.eh_frame_hdr)
 *(.eh_frame)
 *(.gcc_except_table)
 *(.gcc_except_table.*)
 .gcc_except_table._ZN6Stream15readStringUntilEc
                0x000048b6        0x6 ./gr_common/RLduino78/cores/Stream.o
 .gcc_except_table._ZN19BleMidiCommunicatorD2Ev
                0x000048bc        0x6 ./src/BleMidiCommunicator.o
 .gcc_except_table._ZN19BleMidiCommunicatorC2Ev
                0x000048c2        0x8 ./src/BleMidiCommunicator.o
 .gcc_except_table._ZN16SerialController8ReadLineEPci
                0x000048ca        0x6 ./src/SerialController.o
 .gcc_except_table._ZN12EdgeDetectorC2Ev
                0x000048d0        0x8 ./src/PitchDetector/src/EdgeDetector.o
 .gcc_except_table._ZN21MelodyCommandReceiver10InitializeEPK17MelodyCommand_tagi
                0x000048d8        0x6 ./src/PitchDetector/src/MelodyCommandReceiver.o
 .gcc_except_table._ZN15PitchDetectorFpD2Ev
                0x000048de        0x6 ./src/PitchDetector/src/OsakanaPitchDetectionFp.o
 .gcc_except_table._ZN24ResponsiveMelodyDetectorC2EPKtiS1_i
                0x000048e4        0x8 ./src/PitchDetector/src/ResponsiveMelodyDetector.o
 .gcc_except_table._Znwj
                0x000048ec       0x14 C:/Renesas/e2studio/GNURL78v14.03-ELF/rl78-elf/rl78-elf/lib\libstdc++.a(new_op.o)
 .gcc_except_table._ZN10__cxxabiv111__terminateEPFvvE
                0x00004900       0x18 C:/Renesas/e2studio/GNURL78v14.03-ELF/rl78-elf/rl78-elf/lib\libstdc++.a(eh_terminate.o)
 .gcc_except_table.__gxx_personality_sj0
                0x00004918       0x10 C:/Renesas/e2studio/GNURL78v14.03-ELF/rl78-elf/rl78-elf/lib\libstdc++.a(eh_personality.o)
 .gcc_except_table.__cxa_call_unexpected
                0x00004928       0x10 C:/Renesas/e2studio/GNURL78v14.03-ELF/rl78-elf/rl78-elf/lib\libstdc++.a(eh_personality.o)
                0x00004938                PROVIDE (__preinit_array_start, .)
 *(.preinit_array)
                0x00004938                PROVIDE (__preinit_array_end, .)
                0x00004938                PROVIDE (__init_array_start, .)
 *(SORT(.init_array.*))
 *(.init_array)
                0x00004938                PROVIDE (__init_array_end, .)
                0x00004938                PROVIDE (__fini_array_start, .)
 *(.fini_array)
 *(SORT(.fini_array.*))
                0x00004938                PROVIDE (__fini_array_end, .)
                0x00004938        0x4 LONG 0x0
 *crtbegin*.o(.ctors)
 .ctors         0x0000493c        0x2 C:/Renesas/e2studio/GNURL78v14.03-ELF/rl78-elf/lib/gcc/rl78-elf/4.8-GNURL78_v14.03/crtbegin.o
 *(EXCLUDE_FILE(*crtend*.o) .ctors)
 .ctors         0x0000493e        0x2 ./gr_sketch.o
 .ctors         0x00004940        0x2 ./gr_common/RLduino78/cores/HardwareSerial.o
 .ctors         0x00004942        0x2 ./gr_common/RLduino78/cores/IPAddress.o
 .ctors         0x00004944        0x2 ./gr_common/RLduino78/libraries/Ethernet/Dhcp.o
 .ctors         0x00004946        0x2 ./gr_common/RLduino78/libraries/Ethernet/Dns.o
 .ctors         0x00004948        0x2 ./gr_common/RLduino78/libraries/Ethernet/Ethernet.o
 .ctors         0x0000494a        0x2 ./gr_common/RLduino78/libraries/Ethernet/EthernetClient.o
 .ctors         0x0000494c        0x2 ./gr_common/RLduino78/libraries/Ethernet/EthernetServer.o
 .ctors         0x0000494e        0x2 ./gr_common/RLduino78/libraries/Ethernet/EthernetUdp.o
 .ctors         0x00004950        0x2 ./gr_common/RLduino78/libraries/Ethernet/Twitter.o
 .ctors         0x00004952        0x2 ./gr_common/RLduino78/libraries/Firmata/Firmata.o
 .ctors         0x00004954        0x2 ./gr_common/RLduino78/libraries/SD/SD.o
 .ctors         0x00004956        0x2 ./gr_common/RLduino78/libraries/Wire/Wire.o
 .ctors         0x00004958        0x2 ./src/BleCommunicator.o
 *(SORT(.ctors.*))
 *(.ctors)
 .ctors         0x0000495a        0x2 C:/Renesas/e2studio/GNURL78v14.03-ELF/rl78-elf/lib/gcc/rl78-elf/4.8-GNURL78_v14.03/crtend.o
 *crtbegin*.o(.dtors)
 .dtors         0x0000495c        0x2 C:/Renesas/e2studio/GNURL78v14.03-ELF/rl78-elf/lib/gcc/rl78-elf/4.8-GNURL78_v14.03/crtbegin.o
 *(EXCLUDE_FILE(*crtend*.o) .dtors)
 *(SORT(.dtors.*))
 *(.dtors)
 .dtors         0x0000495e        0x2 C:/Renesas/e2studio/GNURL78v14.03-ELF/rl78-elf/lib/gcc/rl78-elf/4.8-GNURL78_v14.03/crtend.o
                0x0000495e                __DTOR_END__

.text           0x00004960    0x193d4
                0x00004960                PROVIDE (_start, .)
 *(.text P .stub .text.* .gnu.linkonce.t.*)
 .text._ZL10readDataFpPshiS_S_
                0x00004960       0xd2 ./gr_sketch.o
 .text.unlikely._ZL14GoToErrorStatev
                0x00004a32       0x5a ./gr_sketch.o
 .text.startup._GLOBAL__sub_I_led_red
                0x00004a8c       0x96 ./gr_sketch.o
 .text.setup    0x00004b22      0x1d2 ./gr_sketch.o
                0x00004b22                setup
 .text.loop     0x00004cf4      0x4f9 ./gr_sketch.o
                0x00004cf4                loop
 .text._ZN14HardwareSerial9availableEv
                0x000051ed       0x26 ./gr_common/RLduino78/cores/HardwareSerial.o
                0x000051ed                HardwareSerial::available()
 .text._ZN14HardwareSerial4peekEv
                0x00005213       0x44 ./gr_common/RLduino78/cores/HardwareSerial.o
                0x00005213                HardwareSerial::peek()
 .text._ZN14HardwareSerial4readEv
                0x00005257       0x5b ./gr_common/RLduino78/cores/HardwareSerial.o
                0x00005257                HardwareSerial::read()
 .text._ZN14HardwareSerial5writeEh
                0x000052b2      0x12d ./gr_common/RLduino78/cores/HardwareSerial.o
                0x000052b2                HardwareSerial::write(unsigned char)
 .text._ZN14HardwareSerial5flushEv
                0x000053df       0x9c ./gr_common/RLduino78/cores/HardwareSerial.o
                0x000053df                HardwareSerial::flush()
 .text._Z10store_charhP11ring_buffer
                0x0000547b       0x43 ./gr_common/RLduino78/cores/HardwareSerial.o
                0x0000547b                store_char(unsigned char, ring_buffer*)
 .text.uart_rx_interrupt
                0x000054be       0x13 ./gr_common/RLduino78/cores/HardwareSerial.o
                0x000054be                uart_rx_interrupt
 .text.uart1_rx_interrupt
                0x000054d1       0x13 ./gr_common/RLduino78/cores/HardwareSerial.o
                0x000054d1                uart1_rx_interrupt
 .text.uart2_rx_interrupt
                0x000054e4       0x13 ./gr_common/RLduino78/cores/HardwareSerial.o
                0x000054e4                uart2_rx_interrupt
 .text.uart_tx_interrupt
                0x000054f7       0x31 ./gr_common/RLduino78/cores/HardwareSerial.o
                0x000054f7                uart_tx_interrupt
 .text.uart1_tx_interrupt
                0x00005528       0x31 ./gr_common/RLduino78/cores/HardwareSerial.o
                0x00005528                uart1_tx_interrupt
 .text.uart2_tx_interrupt
                0x00005559       0x31 ./gr_common/RLduino78/cores/HardwareSerial.o
                0x00005559                uart2_tx_interrupt
 .text.uart_error_interrupt
                0x0000558a        0xa ./gr_common/RLduino78/cores/HardwareSerial.o
                0x0000558a                uart_error_interrupt
 .text.uart1_error_interrupt
                0x00005594        0xa ./gr_common/RLduino78/cores/HardwareSerial.o
                0x00005594                uart1_error_interrupt
 .text.uart2_error_interrupt
                0x0000559e        0xa ./gr_common/RLduino78/cores/HardwareSerial.o
                0x0000559e                uart2_error_interrupt
 .text._ZN14HardwareSerial10uart_init1Ev
                0x000055a8      0x108 ./gr_common/RLduino78/cores/HardwareSerial.o
                0x000055a8                HardwareSerial::uart_init1()
 .text._ZN14HardwareSerial10uart_init2Ev
                0x000056b0       0xf6 ./gr_common/RLduino78/cores/HardwareSerial.o
                0x000056b0                HardwareSerial::uart_init2()
 .text._ZN14HardwareSerial5beginEm
                0x000057a6      0x1a3 ./gr_common/RLduino78/cores/HardwareSerial.o
                0x000057a6                HardwareSerial::begin(unsigned long)
 .text.startup._GLOBAL__sub_I_rx_buffer
                0x00005949       0x80 ./gr_common/RLduino78/cores/HardwareSerial.o
 .text._ZNK9IPAddress7printToER5Print
                0x000059c9       0x7f ./gr_common/RLduino78/cores/IPAddress.o
                0x000059c9                IPAddress::printTo(Print&) const
 .text._ZN9IPAddressC2Ev
                0x00005a48       0x26 ./gr_common/RLduino78/cores/IPAddress.o
                0x00005a48                IPAddress::IPAddress()
                0x00005a48                IPAddress::IPAddress()
 .text._ZN9IPAddressC2Ehhhh
                0x00005a6e       0x25 ./gr_common/RLduino78/cores/IPAddress.o
                0x00005a6e                IPAddress::IPAddress(unsigned char, unsigned char, unsigned char, unsigned char)
                0x00005a6e                IPAddress::IPAddress(unsigned char, unsigned char, unsigned char, unsigned char)
 .text.startup._GLOBAL__sub_I__ZN9IPAddressC2Ev
                0x00005a93       0x1a ./gr_common/RLduino78/cores/IPAddress.o
 .text._ZN5Print5writeEPKhj
                0x00005aad       0x5a ./gr_common/RLduino78/cores/Print.o
                0x00005aad                Print::write(unsigned char const*, unsigned int)
 .text._ZN5Print5writeEPKc
                0x00005b07       0x49 ./gr_common/RLduino78/cores/Print.o
                0x00005b07                Print::write(char const*)
 .text._ZN5Print5printEPKc
                0x00005b50       0x11 ./gr_common/RLduino78/cores/Print.o
                0x00005b50                Print::print(char const*)
 .text._ZN5Print5printEc
                0x00005b61       0x25 ./gr_common/RLduino78/cores/Print.o
                0x00005b61                Print::print(char)
 .text._ZN5Print7printlnEv
                0x00005b86       0x35 ./gr_common/RLduino78/cores/Print.o
                0x00005b86                Print::println()
 .text._ZN5Print7printlnEPKc
                0x00005bbb       0x31 ./gr_common/RLduino78/cores/Print.o
                0x00005bbb                Print::println(char const*)
 .text._ZN5Print11printNumberEmh
                0x00005bec       0xc7 ./gr_common/RLduino78/cores/Print.o
                0x00005bec                Print::printNumber(unsigned long, unsigned char)
 .text._ZN5Print5printEmi
                0x00005cb3       0x5e ./gr_common/RLduino78/cores/Print.o
                0x00005cb3                Print::print(unsigned long, int)
 .text._ZN5Print5printEhi
                0x00005d11       0x1e ./gr_common/RLduino78/cores/Print.o
                0x00005d11                Print::print(unsigned char, int)
 .text._ZL17_stopTimerChannelh
                0x00005d2f      0x105 ./gr_common/RLduino78/cores/RLduino78_basic.o
 .text._ZL24enterPowerManagementModem
                0x00005e34       0xd7 ./gr_common/RLduino78/cores/RLduino78_basic.o
 .text._ZL9_stopTAU0v
                0x00005f0b       0x20 ./gr_common/RLduino78/cores/RLduino78_basic.o
 .text._Z20initArduinoFrameworkv
                0x00005f2b        0x5 ./gr_common/RLduino78/cores/RLduino78_basic.o
                0x00005f2b                initArduinoFramework()
 .text.analogReference
                0x00005f30        0x6 ./gr_common/RLduino78/cores/RLduino78_basic.o
                0x00005f30                analogReference
 .text.millis   0x00005f36       0x20 ./gr_common/RLduino78/cores/RLduino78_basic.o
                0x00005f36                millis
 .text._Z17execCyclicHandlerv
                0x00005f56       0xb5 ./gr_common/RLduino78/cores/RLduino78_basic.o
                0x00005f56                execCyclicHandler()
 .text.micros   0x0000600b      0x1fd ./gr_common/RLduino78/cores/RLduino78_basic.o
                0x0000600b                micros
 .text.delay    0x00006208       0x75 ./gr_common/RLduino78/cores/RLduino78_basic.o
                0x00006208                delay
 .text.delayMicroseconds
                0x0000627d       0x7e ./gr_common/RLduino78/cores/RLduino78_basic.o
                0x0000627d                delayMicroseconds
 .text._ZL11_analogReadh
                0x000062fb      0x144 ./gr_common/RLduino78/cores/RLduino78_basic.o
 .text.external_interrupt_0
                0x0000643f       0x13 ./gr_common/RLduino78/cores/RLduino78_basic.o
                0x0000643f                external_interrupt_0
 .text.external_interrupt_1
                0x00006452       0x13 ./gr_common/RLduino78/cores/RLduino78_basic.o
                0x00006452                external_interrupt_1
 .text.adc_interrupt
                0x00006465        0x4 ./gr_common/RLduino78/cores/RLduino78_basic.o
                0x00006465                adc_interrupt
 .text.tm05_interrupt
                0x00006469       0x26 ./gr_common/RLduino78/cores/RLduino78_basic.o
                0x00006469                tm05_interrupt
 .text.tm06_interrupt
                0x0000648f       0x98 ./gr_common/RLduino78/cores/RLduino78_basic.o
                0x0000648f                tm06_interrupt
 .text.pinMode  0x00006527      0x26f ./gr_common/RLduino78/cores/RLduino78_basic.o
                0x00006527                pinMode
 .text.analogRead
                0x00006796       0x8c ./gr_common/RLduino78/cores/RLduino78_basic.o
                0x00006796                analogRead
 .text._Z6noToneh
                0x00006822       0x2b ./gr_common/RLduino78/cores/RLduino78_basic.o
                0x00006822                noTone(unsigned char)
 .text.digitalWrite
                0x0000684d       0x56 ./gr_common/RLduino78/cores/RLduino78_basic.o
                0x0000684d                digitalWrite
 .text.tone_interrupt
                0x000068a3       0x78 ./gr_common/RLduino78/cores/RLduino78_basic.o
                0x000068a3                tone_interrupt
 .text.HardwareSetup
                0x0000691b       0x1d ./gr_common/RLduino78/cores/RLduino78_main.o
                0x0000691b                HardwareSetup
 .text.startup.main
                0x00006938       0x24 ./gr_common/RLduino78/cores/RLduino78_main.o
                0x00006938                main
 .text.abort    0x0000695c        0x4 ./gr_common/RLduino78/cores/RLduino78_main.o
                0x0000695c                exit
                0x0000695c                abort
 .text.rtc_interrupt
                0x00006960       0x4b ./gr_common/RLduino78/cores/RLduino78_RTC.o
                0x00006960                rtc_interrupt
 .text._ZN6Stream9timedReadEv
                0x000069ab       0x7a ./gr_common/RLduino78/cores/Stream.o
                0x000069ab                Stream::timedRead()
 .text._ZN6Stream10setTimeoutEm
                0x00006a25       0x11 ./gr_common/RLduino78/cores/Stream.o
                0x00006a25                Stream::setTimeout(unsigned long)
 .text._ZN6Stream15readStringUntilEc
                0x00006a36       0xaa ./gr_common/RLduino78/cores/Stream.o
                0x00006a36                Stream::readStringUntil(char)
 .text._ZL5_itoaiPci
                0x00006ae0       0xec ./gr_common/RLduino78/cores/WString.o
 .text._Z4itoaiPch
                0x00006bcc       0x18 ./gr_common/RLduino78/cores/WString.o
                0x00006bcc                itoa(int, char*, unsigned char)
 .text._ZN6StringD2Ev
                0x00006be4       0x12 ./gr_common/RLduino78/cores/WString.o
                0x00006be4                String::~String()
                0x00006be4                String::~String()
 .text._ZN6String10invalidateEv
                0x00006bf6       0x33 ./gr_common/RLduino78/cores/WString.o
                0x00006bf6                String::invalidate()
 .text._ZN6String12changeBufferEj
                0x00006c29       0x44 ./gr_common/RLduino78/cores/WString.o
                0x00006c29                String::changeBuffer(unsigned int)
 .text._ZN6String7reserveEj
                0x00006c6d       0x5b ./gr_common/RLduino78/cores/WString.o
                0x00006c6d                String::reserve(unsigned int)
 .text._ZN6String4copyEPKcj
                0x00006cc8       0x51 ./gr_common/RLduino78/cores/WString.o
                0x00006cc8                String::copy(char const*, unsigned int)
 .text._ZN6StringC2EPKc
                0x00006d19       0x4c ./gr_common/RLduino78/cores/WString.o
                0x00006d19                String::String(char const*)
                0x00006d19                String::String(char const*)
 .text._ZN6String6concatEPKcj
                0x00006d65       0x74 ./gr_common/RLduino78/cores/WString.o
                0x00006d65                String::concat(char const*, unsigned int)
 .text._ZN6String6concatEc
                0x00006dd9       0x21 ./gr_common/RLduino78/cores/WString.o
                0x00006dd9                String::concat(char)
 .text._ZNK6String8getBytesEPhjj
                0x00006dfa       0x83 ./gr_common/RLduino78/cores/WString.o
                0x00006dfa                String::getBytes(unsigned char*, unsigned int, unsigned int) const
 .text.startup._GLOBAL__sub_I__ZN9DhcpClass13beginWithDHCPEPhmm
                0x00006e7d       0x1a ./gr_common/RLduino78/libraries/Ethernet/Dhcp.o
 .text.startup._GLOBAL__sub_I__ZN9DNSClient5beginERK9IPAddress
                0x00006e97       0x1a ./gr_common/RLduino78/libraries/Ethernet/Dns.o
 .text.startup._GLOBAL__sub_I__ZN13EthernetClass6_stateE
                0x00006eb1       0x23 ./gr_common/RLduino78/libraries/Ethernet/Ethernet.o
 .text.startup._GLOBAL__sub_I__ZN14EthernetClient8_srcportE
                0x00006ed4       0x1a ./gr_common/RLduino78/libraries/Ethernet/EthernetClient.o
 .text.startup._GLOBAL__sub_I__ZN14EthernetServerC2Et
                0x00006eee       0x1a ./gr_common/RLduino78/libraries/Ethernet/EthernetServer.o
 .text.startup._GLOBAL__sub_I__ZN11EthernetUDPC2Ev
                0x00006f08       0x1a ./gr_common/RLduino78/libraries/Ethernet/EthernetUdp.o
 .text.startup._GLOBAL__sub_I__ZN7TwitterC2EPKc
                0x00006f22       0x1a ./gr_common/RLduino78/libraries/Ethernet/Twitter.o
 .text._ZN12FirmataClass11systemResetEv
                0x00006f3c       0x4f ./gr_common/RLduino78/libraries/Firmata/Firmata.o
                0x00006f3c                FirmataClass::systemReset()
 .text.startup._GLOBAL__sub_I__ZN12FirmataClass23sendValueAsTwo7bitBytesEi
                0x00006f8b       0x21 ./gr_common/RLduino78/libraries/Firmata/Firmata.o
 .text.startup._GLOBAL__sub_I__Z20getNextPathComponentPcPjS_
                0x00006fac       0x30 ./gr_common/RLduino78/libraries/SD/SD.o
 .text._ZL7spiSendh
                0x00006fdc       0x18 ./gr_common/RLduino78/libraries/SD/utility/Sd2Card.o
 .text._ZL6spiRecv
                0x00006ff4       0x12 ./gr_common/RLduino78/libraries/SD/utility/Sd2Card.o
 .text._ZN7Sd2Card14chipSelectHighEv
                0x00007006       0x16 ./gr_common/RLduino78/libraries/SD/utility/Sd2Card.o
                0x00007006                Sd2Card::chipSelectHigh()
 .text._ZN7Sd2Card13chipSelectLowEv
                0x0000701c       0x16 ./gr_common/RLduino78/libraries/SD/utility/Sd2Card.o
                0x0000701c                Sd2Card::chipSelectLow()
 .text._ZN7Sd2Card7readEndEv
                0x00007032       0x6f ./gr_common/RLduino78/libraries/SD/utility/Sd2Card.o
                0x00007032                Sd2Card::readEnd()
 .text._ZN7Sd2Card11waitNotBusyEt
                0x000070a1       0x3c ./gr_common/RLduino78/libraries/SD/utility/Sd2Card.o
                0x000070a1                Sd2Card::waitNotBusy(unsigned short)
 .text._ZN7Sd2Card11cardCommandEhm
                0x000070dd       0xe5 ./gr_common/RLduino78/libraries/SD/utility/Sd2Card.o
                0x000070dd                Sd2Card::cardCommand(unsigned char, unsigned long)
 .text._ZN7Sd2Card14waitStartBlockEv
                0x000071c2       0x6a ./gr_common/RLduino78/libraries/SD/utility/Sd2Card.o
                0x000071c2                Sd2Card::waitStartBlock()
 .text._ZN7Sd2Card8readDataEmttPh
                0x0000722c      0x1aa ./gr_common/RLduino78/libraries/SD/utility/Sd2Card.o
                0x0000722c                Sd2Card::readData(unsigned long, unsigned short, unsigned short, unsigned char*)
 .text._ZN7Sd2Card9readBlockEmPh
                0x000073d6       0x21 ./gr_common/RLduino78/libraries/SD/utility/Sd2Card.o
                0x000073d6                Sd2Card::readBlock(unsigned long, unsigned char*)
 .text._ZN7Sd2Card9writeDataEhPKh
                0x000073f7       0xb0 ./gr_common/RLduino78/libraries/SD/utility/Sd2Card.o
                0x000073f7                Sd2Card::writeData(unsigned char, unsigned char const*)
 .text._ZN7Sd2Card10writeBlockEmPKh
                0x000074a7       0xf3 ./gr_common/RLduino78/libraries/SD/utility/Sd2Card.o
                0x000074a7                Sd2Card::writeBlock(unsigned long, unsigned char const*)
 .text._ZN6SdFile10addClusterEv
                0x0000759a       0x5e ./gr_common/RLduino78/libraries/SD/utility/SdFile.o
                0x0000759a                SdFile::addCluster()
 .text._ZN6SdFile13cacheDirEntryEh
                0x000075f8       0x45 ./gr_common/RLduino78/libraries/SD/utility/SdFile.o
                0x000075f8                SdFile::cacheDirEntry(unsigned char)
 .text._ZN6SdFile7seekSetEm
                0x0000763d      0x1be ./gr_common/RLduino78/libraries/SD/utility/SdFile.o
                0x0000763d                SdFile::seekSet(unsigned long)
 .text._ZN6SdFile4syncEv
                0x000077fb       0xc4 ./gr_common/RLduino78/libraries/SD/utility/SdFile.o
                0x000077fb                SdFile::sync()
 .text._ZN6SdFile5writeEPKvt
                0x000078bf      0x411 ./gr_common/RLduino78/libraries/SD/utility/SdFile.o
                0x000078bf                SdFile::write(void const*, unsigned short)
 .text._ZN6SdFile5writeEh
                0x00007cd0       0x1a ./gr_common/RLduino78/libraries/SD/utility/SdFile.o
                0x00007cd0                SdFile::write(unsigned char)
 .text._ZN8SdVolume10cacheFlushEv
                0x00007cea       0x81 ./gr_common/RLduino78/libraries/SD/utility/SdVolume.o
                0x00007cea                SdVolume::cacheFlush()
 .text._ZN8SdVolume13cacheRawBlockEmh
                0x00007d6b       0x72 ./gr_common/RLduino78/libraries/SD/utility/SdVolume.o
                0x00007d6b                SdVolume::cacheRawBlock(unsigned long, unsigned char)
 .text._ZNK8SdVolume6fatGetEmPm
                0x00007ddd      0x165 ./gr_common/RLduino78/libraries/SD/utility/SdVolume.o
                0x00007ddd                SdVolume::fatGet(unsigned long, unsigned long*) const
 .text._ZN8SdVolume6fatPutEmm
                0x00007f42      0x169 ./gr_common/RLduino78/libraries/SD/utility/SdVolume.o
                0x00007f42                SdVolume::fatPut(unsigned long, unsigned long)
 .text._ZN8SdVolume15allocContiguousEmPm
                0x000080ab      0x28f ./gr_common/RLduino78/libraries/SD/utility/SdVolume.o
                0x000080ab                SdVolume::allocContiguous(unsigned long, unsigned long*)
 .text._ZL17handle_interrupts18timer16_Sequence_t.constprop.0
                0x0000833a      0x197 ./gr_common/RLduino78/libraries/Servo/Servo.o
 .text.servo_interrupt
                0x000084d1        0x5 ./gr_common/RLduino78/libraries/Servo/Servo.o
                0x000084d1                servo_interrupt
 .text._ZN7TwoWire9availableEv
                0x000084d6       0x17 ./gr_common/RLduino78/libraries/Wire/Wire.o
                0x000084d6                TwoWire::available()
 .text._ZN7TwoWire4readEv
                0x000084ed       0x2a ./gr_common/RLduino78/libraries/Wire/Wire.o
                0x000084ed                TwoWire::read()
 .text._ZN7TwoWire4peekEv
                0x00008517       0x26 ./gr_common/RLduino78/libraries/Wire/Wire.o
                0x00008517                TwoWire::peek()
 .text._ZN7TwoWire5flushEv
                0x0000853d        0x1 ./gr_common/RLduino78/libraries/Wire/Wire.o
                0x0000853d                TwoWire::flush()
 .text._ZN7TwoWire5writeEPKhj
                0x0000853e       0x6d ./gr_common/RLduino78/libraries/Wire/Wire.o
                0x0000853e                TwoWire::write(unsigned char const*, unsigned int)
 .text._ZN7TwoWire5writeEh
                0x000085ab       0x5e ./gr_common/RLduino78/libraries/Wire/Wire.o
                0x000085ab                TwoWire::write(unsigned char)
 .text._ZN7TwoWireC2Ev
                0x00008609       0x1d ./gr_common/RLduino78/libraries/Wire/Wire.o
                0x00008609                TwoWire::TwoWire()
                0x00008609                TwoWire::TwoWire()
 .text.startup._GLOBAL__sub_I__ZN7TwoWire8rxBufferE
                0x00008626        0xe ./gr_common/RLduino78/libraries/Wire/Wire.o
 .text._ZN9__gnu_cxx27__verbose_terminate_handlerEv
                0x00008634        0x1 ./gr_common/RLduino78/portable/e2studio/RL78/exception_handler.o
                0x00008634                __gnu_cxx::__verbose_terminate_handler()
 .text.startup._GLOBAL__sub_I__ZN15BleCommunicatorC2Ev
                0x00008635      0x112 ./src/BleCommunicator.o
 .text._ZN19BleMidiCommunicator7GetGainEv
                0x00008747        0xb ./src/BleMidiCommunicator.o
                0x00008747                BleMidiCommunicator::GetGain()
 .text._ZN19BleMidiCommunicator12IsTuningModeEv
                0x00008752        0xb ./src/BleMidiCommunicator.o
                0x00008752                BleMidiCommunicator::IsTuningMode()
 .text._ZN19BleMidiCommunicatorD2Ev
                0x0000875d       0x8e ./src/BleMidiCommunicator.o
                0x0000875d                BleMidiCommunicator::~BleMidiCommunicator()
                0x0000875d                BleMidiCommunicator::~BleMidiCommunicator()
 .text._ZN19BleMidiCommunicatorD0Ev
                0x000087eb       0x21 ./src/BleMidiCommunicator.o
                0x000087eb                BleMidiCommunicator::~BleMidiCommunicator()
 .text._ZN19BleMidiCommunicator5YieldEv
                0x0000880c       0x1b ./src/BleMidiCommunicator.o
                0x0000880c                BleMidiCommunicator::Yield()
 .text._ZN19BleMidiCommunicatorC2Ev
                0x00008827      0x116 ./src/BleMidiCommunicator.o
                0x00008827                BleMidiCommunicator::BleMidiCommunicator()
                0x00008827                BleMidiCommunicator::BleMidiCommunicator()
 .text._ZN19BleMidiCommunicator16initializeDeviceEv
                0x0000893d       0x13 ./src/BleMidiCommunicator.o
                0x0000893d                BleMidiCommunicator::initializeDevice()
 .text._ZN19BleMidiCommunicator7noteOffEht
                0x00008950       0x94 ./src/BleMidiCommunicator.o
                0x00008950                BleMidiCommunicator::noteOff(unsigned char, unsigned short)
 .text._ZN19BleMidiCommunicator11userNoteOffEt
                0x000089e4       0x5e ./src/BleMidiCommunicator.o
                0x000089e4                BleMidiCommunicator::userNoteOff(unsigned short)
 .text._ZN19BleMidiCommunicator6noteOnEht
                0x00008a42       0x95 ./src/BleMidiCommunicator.o
                0x00008a42                BleMidiCommunicator::noteOn(unsigned char, unsigned short)
 .text._ZN19BleMidiCommunicator10userNoteOnEt
                0x00008ad7       0x5e ./src/BleMidiCommunicator.o
                0x00008ad7                BleMidiCommunicator::userNoteOn(unsigned short)
 .text._ZN19BleMidiCommunicator10UpdateFreqEtt
                0x00008b35       0x5f ./src/BleMidiCommunicator.o
                0x00008b35                BleMidiCommunicator::UpdateFreq(unsigned short, unsigned short)
 .text._ZN19BleMidiCommunicator10playMelodyEh
                0x00008b94       0xc9 ./src/BleMidiCommunicator.o
                0x00008b94                BleMidiCommunicator::playMelody(unsigned char)
 .text._ZN19BleMidiCommunicator18ConfirmaToggleGainEv
                0x00008c5d       0x10 ./src/BleMidiCommunicator.o
                0x00008c5d                BleMidiCommunicator::ConfirmaToggleGain()
 .text._ZN19BleMidiCommunicator10ToggleGainEv
                0x00008c6d       0x43 ./src/BleMidiCommunicator.o
                0x00008c6d                BleMidiCommunicator::ToggleGain()
 .text._ZN19BleMidiCommunicator17ConfirmInstChangeEh
                0x00008cb0       0x4d ./src/BleMidiCommunicator.o
                0x00008cb0                BleMidiCommunicator::ConfirmInstChange(unsigned char)
 .text._ZN19BleMidiCommunicator10ChangeInstEh
                0x00008cfd       0xad ./src/BleMidiCommunicator.o
                0x00008cfd                BleMidiCommunicator::ChangeInst(unsigned char)
 .text._ZN19BleMidiCommunicator19ConfirmToggleTuningEv
                0x00008daa       0x11 ./src/BleMidiCommunicator.o
                0x00008daa                BleMidiCommunicator::ConfirmToggleTuning()
 .text._ZN19BleMidiCommunicator12ToggleTuningEv
                0x00008dbb       0x33 ./src/BleMidiCommunicator.o
                0x00008dbb                BleMidiCommunicator::ToggleTuning()
 .text._ZN19BleMidiCommunicator10NotifyTuneEh
                0x00008dee       0x48 ./src/BleMidiCommunicator.o
                0x00008dee                BleMidiCommunicator::NotifyTune(unsigned char)
 .text._ZN19BleMidiCommunicator14programChannelEhh
                0x00008e36       0x7a ./src/BleMidiCommunicator.o
                0x00008e36                BleMidiCommunicator::programChannel(unsigned char, unsigned char)
 .text._ZN19BleMidiCommunicator8setLylicEh
                0x00008eb0       0x9a ./src/BleMidiCommunicator.o
                0x00008eb0                BleMidiCommunicator::setLylic(unsigned char)
 .text._ZN19BleMidiCommunicator10InitializeEv
                0x00008f4a      0x12d ./src/BleMidiCommunicator.o
                0x00008f4a                BleMidiCommunicator::Initialize()
 .text._ZN12CommunicatorD2Ev
                0x00009077        0xd ./src/Communicator.o
                0x00009077                Communicator::~Communicator()
                0x00009077                Communicator::~Communicator()
 .text._ZN12Communicator10InitializeEv
                0x00009084        0x9 ./src/Communicator.o
                0x00009084                Communicator::Initialize()
 .text._ZN12Communicator5YieldEv
                0x0000908d        0x9 ./src/Communicator.o
                0x0000908d                Communicator::Yield()
 .text._ZN12Communicator10UpdateFreqEtt
                0x00009096        0x1 ./src/Communicator.o
                0x00009096                Communicator::UpdateFreq(unsigned short, unsigned short)
 .text._ZN12Communicator7GetGainEv
                0x00009097        0x3 ./src/Communicator.o
                0x00009097                Communicator::GetGain()
 .text._ZN12Communicator12IsTuningModeEv
                0x0000909a        0x3 ./src/Communicator.o
                0x0000909a                Communicator::IsTuningMode()
 .text._ZN12Communicator18ConfirmaToggleGainEv
                0x0000909d        0x1 ./src/Communicator.o
                0x0000909d                Communicator::ConfirmaToggleGain()
 .text._ZN12Communicator10ToggleGainEv
                0x0000909e        0x1 ./src/Communicator.o
                0x0000909e                Communicator::ToggleGain()
 .text._ZN12Communicator17ConfirmInstChangeEh
                0x0000909f        0x1 ./src/Communicator.o
                0x0000909f                Communicator::ConfirmInstChange(unsigned char)
 .text._ZN12Communicator10ChangeInstEh
                0x000090a0        0x1 ./src/Communicator.o
                0x000090a0                Communicator::ChangeInst(unsigned char)
 .text._ZN12Communicator19ConfirmToggleTuningEv
                0x000090a1        0x1 ./src/Communicator.o
                0x000090a1                Communicator::ConfirmToggleTuning()
 .text._ZN12Communicator12ToggleTuningEv
                0x000090a2        0x1 ./src/Communicator.o
                0x000090a2                Communicator::ToggleTuning()
 .text._ZN12Communicator10NotifyTuneEh
                0x000090a3        0x1 ./src/Communicator.o
                0x000090a3                Communicator::NotifyTune(unsigned char)
 .text._ZN12CommunicatorD0Ev
                0x000090a4       0x1b ./src/Communicator.o
                0x000090a4                Communicator::~Communicator()
 .text._ZN12CommunicatorC2Ev
                0x000090bf       0x34 ./src/Communicator.o
                0x000090bf                Communicator::Communicator()
                0x000090bf                Communicator::Communicator()
 .text._ZN16Rn4020Controller7sendCmdEPK14_SerialCommand
                0x000090f3       0x16 ./src/Rn4020Controller.o
                0x000090f3                Rn4020Controller::sendCmd(_SerialCommand const*)
 .text._ZN16Rn4020Controller14sendConnectCmdEPK14_SerialCommand
                0x00009109       0x6c ./src/Rn4020Controller.o
                0x00009109                Rn4020Controller::sendConnectCmd(_SerialCommand const*)
 .text._ZN16Rn4020Controller7testAOKEv
                0x00009175       0x1c ./src/Rn4020Controller.o
                0x00009175                Rn4020Controller::testAOK()
 .text._ZN16Rn4020Controller10testRebootEv
                0x00009191       0x3f ./src/Rn4020Controller.o
                0x00009191                Rn4020Controller::testReboot()
 .text._ZN16Rn4020Controller17testConnectResultEv
                0x000091d0       0x1c ./src/Rn4020Controller.o
                0x000091d0                Rn4020Controller::testConnectResult()
 .text._ZN16Rn4020Controller14testBondResultEv
                0x000091ec       0x1c ./src/Rn4020Controller.o
                0x000091ec                Rn4020Controller::testBondResult()
 .text._ZN16Rn4020ControllerC2ER14HardwareSerial
                0x00009208       0x53 ./src/Rn4020Controller.o
                0x00009208                Rn4020Controller::Rn4020Controller(HardwareSerial&)
                0x00009208                Rn4020Controller::Rn4020Controller(HardwareSerial&)
 .text._ZN16Rn4020ControllerD2Ev
                0x0000925b        0xd ./src/Rn4020Controller.o
                0x0000925b                Rn4020Controller::~Rn4020Controller()
                0x0000925b                Rn4020Controller::~Rn4020Controller()
 .text._ZN16Rn4020Controller10InitializeEv
                0x00009268      0x144 ./src/Rn4020Controller.o
                0x00009268                Rn4020Controller::Initialize()
 .text._ZN16Rn4020Controller5YieldEv
                0x000093ac       0x15 ./src/Rn4020Controller.o
                0x000093ac                Rn4020Controller::Yield()
 .text._ZN16Rn4020Controller11sendWithAckEPKc
                0x000093c1       0x46 ./src/Rn4020Controller.o
                0x000093c1                Rn4020Controller::sendWithAck(char const*)
 .text._ZN16Rn4020Controller19WriteCharacteristicEPKci
                0x00009407       0xb0 ./src/Rn4020Controller.o
                0x00009407                Rn4020Controller::WriteCharacteristic(char const*, int)
 .text._ZN16Rn4020Controller15parseScanResultEPKcRA13_cRA2_cRA32_cRA33_c
                0x000094b7       0xce ./src/Rn4020Controller.o
                0x000094b7                Rn4020Controller::parseScanResult(char const*, char (&) [13], char (&) [2], char (&) [32], char (&) [33])
 .text._ZN16Rn4020Controller14testScanResultEv
                0x00009585      0x12e ./src/Rn4020Controller.o
                0x00009585                Rn4020Controller::testScanResult()
 .text._ZN16Rn4020Controller22parseServiceListResultEPKcS1_RA5_c
                0x000096b3      0x112 ./src/Rn4020Controller.o
                0x000096b3                Rn4020Controller::parseServiceListResult(char const*, char const*, char (&) [5])
 .text._ZN16Rn4020Controller21testServiceListResultEv
                0x000097c5       0x9e ./src/Rn4020Controller.o
                0x000097c5                Rn4020Controller::testServiceListResult()
 .text._ZN16SerialControllerC2ER14HardwareSerial
                0x00009863       0x22 ./src/SerialController.o
                0x00009863                SerialController::SerialController(HardwareSerial&)
                0x00009863                SerialController::SerialController(HardwareSerial&)
 .text._ZN16SerialControllerD2Ev
                0x00009885        0x1 ./src/SerialController.o
                0x00009885                SerialController::~SerialController()
                0x00009885                SerialController::~SerialController()
 .text._ZN16SerialController10SetTimeoutEm
                0x00009886       0x1a ./src/SerialController.o
                0x00009886                SerialController::SetTimeout(unsigned long)
 .text._ZN16SerialController7PrintLnEPKc
                0x000098a0       0x16 ./src/SerialController.o
                0x000098a0                SerialController::PrintLn(char const*)
 .text._ZN16SerialController8ReadLineEPci
                0x000098b6       0xb5 ./src/SerialController.o
                0x000098b6                SerialController::ReadLine(char*, int)
 .text._ZN16SerialController17WaitForOneOfWordsEPPKciii
                0x0000996b       0xcb ./src/SerialController.o
                0x0000996b                SerialController::WaitForOneOfWords(char const**, int, int, int)
 .text._ZN16SerialController5PurgeEv
                0x00009a36       0x64 ./src/SerialController.o
                0x00009a36                SerialController::Purge()
 .text._ZN16SerialController11WaitForWordEPKcii
                0x00009a9a       0x44 ./src/SerialController.o
                0x00009a9a                SerialController::WaitForWord(char const*, int, int)
 .text.getCommaSeparatedWord
                0x00009ade       0xa0 ./src/StringUtility.o
                0x00009ade                getCommaSeparatedWord
 .text.copyCommaSeparatedWord
                0x00009b7e       0xc6 ./src/StringUtility.o
                0x00009b7e                copyCommaSeparatedWord
 .text.itoaUi16
                0x00009c44       0x68 ./src/StringUtility.o
                0x00009c44                itoaUi16
 .text.itoaUi8  0x00009cac       0x42 ./src/StringUtility.o
                0x00009cac                itoaUi8
 .text._ZL12fp_butterflyP16osk_fp_complex_tPKS_ii
                0x00009cee      0x15c ./src/OsakanaFFT/src/OsakanaFpFft.o
 .text.InitOsakanaFpFft
                0x00009e4a       0x7c ./src/OsakanaFFT/src/OsakanaFpFft.o
                0x00009e4a                InitOsakanaFpFft
 .text.CleanOsakanaFpFft
                0x00009ec6       0x24 ./src/OsakanaFFT/src/OsakanaFpFft.o
                0x00009ec6                CleanOsakanaFpFft
 .text.OsakanaFpFft
                0x00009eea      0x209 ./src/OsakanaFFT/src/OsakanaFpFft.o
                0x00009eea                OsakanaFpFft
 .text.OsakanaFpIfft
                0x0000a0f3      0x216 ./src/OsakanaFFT/src/OsakanaFpFft.o
                0x0000a0f3                OsakanaFpIfft
 .text._ZN18ContinuityDetectorC2Ev
                0x0000a309       0x1f ./src/PitchDetector/src/ContinuityDetector.o
                0x0000a309                ContinuityDetector::ContinuityDetector()
                0x0000a309                ContinuityDetector::ContinuityDetector()
 .text._ZN18ContinuityDetectorD2Ev
                0x0000a328        0x1 ./src/PitchDetector/src/ContinuityDetector.o
                0x0000a328                ContinuityDetector::~ContinuityDetector()
                0x0000a328                ContinuityDetector::~ContinuityDetector()
 .text._ZN18ContinuityDetector5InputEt
                0x0000a329       0x65 ./src/PitchDetector/src/ContinuityDetector.o
                0x0000a329                ContinuityDetector::Input(unsigned short)
 .text._ZN18ContinuityDetector5ResetEv
                0x0000a38e       0x1d ./src/PitchDetector/src/ContinuityDetector.o
                0x0000a38e                ContinuityDetector::Reset()
 .text._ZN12EdgeDetectorC2Ev
                0x0000a3ab       0xd6 ./src/PitchDetector/src/EdgeDetector.o
                0x0000a3ab                EdgeDetector::EdgeDetector()
                0x0000a3ab                EdgeDetector::EdgeDetector()
 .text._ZN12EdgeDetectorD2Ev
                0x0000a481       0x4f ./src/PitchDetector/src/EdgeDetector.o
                0x0000a481                EdgeDetector::~EdgeDetector()
                0x0000a481                EdgeDetector::~EdgeDetector()
 .text._ZN12EdgeDetector5InputEtt
                0x0000a4d0       0x61 ./src/PitchDetector/src/EdgeDetector.o
                0x0000a4d0                EdgeDetector::Input(unsigned short, unsigned short)
 .text._ZN12EdgeDetector11CurrentNoteEv
                0x0000a531        0xa ./src/PitchDetector/src/EdgeDetector.o
                0x0000a531                EdgeDetector::CurrentNote()
 .text._ZN12EdgeDetector5ResetEv
                0x0000a53b       0x30 ./src/PitchDetector/src/EdgeDetector.o
                0x0000a53b                EdgeDetector::Reset()
 .text._ZN21MelodyCommandReceiver14BaseStateInputEt
                0x0000a56b       0x7e ./src/PitchDetector/src/MelodyCommandReceiver.o
                0x0000a56b                MelodyCommandReceiver::BaseStateInput(unsigned short)
 .text._ZN21MelodyCommandReceiverC2Ev
                0x0000a5e9       0x13 ./src/PitchDetector/src/MelodyCommandReceiver.o
                0x0000a5e9                MelodyCommandReceiver::MelodyCommandReceiver()
                0x0000a5e9                MelodyCommandReceiver::MelodyCommandReceiver()
 .text._ZN21MelodyCommandReceiverD2Ev
                0x0000a5fc       0x6e ./src/PitchDetector/src/MelodyCommandReceiver.o
                0x0000a5fc                MelodyCommandReceiver::~MelodyCommandReceiver()
                0x0000a5fc                MelodyCommandReceiver::~MelodyCommandReceiver()
 .text._ZN21MelodyCommandReceiver5InputEt
                0x0000a66a       0x62 ./src/PitchDetector/src/MelodyCommandReceiver.o
                0x0000a66a                MelodyCommandReceiver::Input(unsigned short)
 .text._ZN21MelodyCommandReceiver17ResetAllDetectorsEv
                0x0000a6cc       0x59 ./src/PitchDetector/src/MelodyCommandReceiver.o
                0x0000a6cc                MelodyCommandReceiver::ResetAllDetectors()
 .text._ZN21MelodyCommandReceiver10InitializeEPK17MelodyCommand_tagi
                0x0000a725      0x128 ./src/PitchDetector/src/MelodyCommandReceiver.o
                0x0000a725                MelodyCommandReceiver::Initialize(MelodyCommand_tag const*, int)
 .text._ZN21MelodyCommandReceiver17ExcitedStateInputEt
                0x0000a84d       0x73 ./src/PitchDetector/src/MelodyCommandReceiver.o
                0x0000a84d                MelodyCommandReceiver::ExcitedStateInput(unsigned short)
 .text._ZN14MelodyDetectorC2EPKth
                0x0000a8c0       0x63 ./src/PitchDetector/src/MelodyDetector.o
                0x0000a8c0                MelodyDetector::MelodyDetector(unsigned short const*, unsigned char)
                0x0000a8c0                MelodyDetector::MelodyDetector(unsigned short const*, unsigned char)
 .text._ZN14MelodyDetectorD2Ev
                0x0000a923        0x1 ./src/PitchDetector/src/MelodyDetector.o
                0x0000a923                MelodyDetector::~MelodyDetector()
                0x0000a923                MelodyDetector::~MelodyDetector()
 .text._ZN14MelodyDetector5InputEt
                0x0000a924       0x73 ./src/PitchDetector/src/MelodyDetector.o
                0x0000a924                MelodyDetector::Input(unsigned short)
 .text._ZN14MelodyDetector5ResetEv
                0x0000a997        0xb ./src/PitchDetector/src/MelodyDetector.o
                0x0000a997                MelodyDetector::Reset()
 .text._ZN17BasePitchDetectorD2Ev
                0x0000a9a2        0xd ./src/PitchDetector/src/OsakanaPitchDetection.o
                0x0000a9a2                BasePitchDetector::~BasePitchDetector()
                0x0000a9a2                BasePitchDetector::~BasePitchDetector()
 .text._ZN17BasePitchDetectorD0Ev
                0x0000a9af       0x1b ./src/PitchDetector/src/OsakanaPitchDetection.o
                0x0000a9af                BasePitchDetector::~BasePitchDetector()
 .text._ZN15PitchDetectorFp10InitializeEPv
                0x0000a9ca       0x4d ./src/PitchDetector/src/OsakanaPitchDetectionFp.o
                0x0000a9ca                PitchDetectorFp::Initialize(void*)
 .text._ZN15PitchDetectorFp7CleanupEv
                0x0000aa17       0x31 ./src/PitchDetector/src/OsakanaPitchDetectionFp.o
                0x0000aa17                PitchDetectorFp::Cleanup()
 .text._ZN15PitchDetectorFpD2Ev
                0x0000aa48       0x71 ./src/PitchDetector/src/OsakanaPitchDetectionFp.o
                0x0000aa48                PitchDetectorFp::~PitchDetectorFp()
                0x0000aa48                PitchDetectorFp::~PitchDetectorFp()
 .text._ZN15PitchDetectorFpD0Ev
                0x0000aab9       0x21 ./src/PitchDetector/src/OsakanaPitchDetectionFp.o
                0x0000aab9                PitchDetectorFp::~PitchDetectorFp()
 .text._Z25GetSourceSignalShiftScales
                0x0000aada       0x53 ./src/PitchDetector/src/OsakanaPitchDetectionFp.o
                0x0000aada                GetSourceSignalShiftScale(short)
 .text._ZN15PitchDetectorFpC2Ev
                0x0000ab2d       0x1d ./src/PitchDetector/src/OsakanaPitchDetectionFp.o
                0x0000ab2d                PitchDetectorFp::PitchDetectorFp()
                0x0000ab2d                PitchDetectorFp::PitchDetectorFp()
 .text._ZN15PitchDetectorFp11GetAccuracyEtt
                0x0000ab4a       0x8f ./src/PitchDetector/src/OsakanaPitchDetectionFp.o
                0x0000ab4a                PitchDetectorFp::GetAccuracy(unsigned short, unsigned short)
 .text._ZN15PitchDetectorFp11DetectPitchEP13PitchInfo_tag
                0x0000abd9      0x45f ./src/PitchDetector/src/OsakanaPitchDetectionFp.o
                0x0000abd9                PitchDetectorFp::DetectPitch(PitchInfo_tag*)
 .text._ZL25SearchingBell_DetectEventP19_MachineContextFp_ts
                0x0000b038       0x45 ./src/PitchDetector/src/PeakDetectMachineFp.o
 .text._ZL25WalkingOnBell_DetectEventP19_MachineContextFp_ts
                0x0000b07d       0x29 ./src/PitchDetector/src/PeakDetectMachineFp.o
 .text._ZL15End_DetectEventP19_MachineContextFp_ts
                0x0000b0a6        0x5 ./src/PitchDetector/src/PeakDetectMachineFp.o
 .text._ZL21SeachingBell_PosCrossP19_MachineContextFp_ts
                0x0000b0ab       0x2d ./src/PitchDetector/src/PeakDetectMachineFp.o
 .text._ZL21SeachingBell_NegCrossP19_MachineContextFp_ts
                0x0000b0d8       0x1b ./src/PitchDetector/src/PeakDetectMachineFp.o
 .text._ZL20SeachingBell_NmlDataP19_MachineContextFp_ts
                0x0000b0f3       0x17 ./src/PitchDetector/src/PeakDetectMachineFp.o
 .text._ZL22SeachingBell_EndOfDataP19_MachineContextFp_ts
                0x0000b10a       0x1d ./src/PitchDetector/src/PeakDetectMachineFp.o
 .text._ZL22WalkingOnBell_PosCrossP19_MachineContextFp_ts
                0x0000b127        0x1 ./src/PitchDetector/src/PeakDetectMachineFp.o
 .text._ZL22WalkingOnBell_NegCrossP19_MachineContextFp_ts
                0x0000b128       0x87 ./src/PitchDetector/src/PeakDetectMachineFp.o
 .text._ZL21WalkingOnBell_NmlDataP19_MachineContextFp_ts
                0x0000b1af       0x3c ./src/PitchDetector/src/PeakDetectMachineFp.o
 .text._ZL23WalkingOnBell_EndOfDataP19_MachineContextFp_ts
                0x0000b1eb       0x17 ./src/PitchDetector/src/PeakDetectMachineFp.o
 .text._ZL12End_PosCrossP19_MachineContextFp_ts
                0x0000b202       0x17 ./src/PitchDetector/src/PeakDetectMachineFp.o
 .text._ZL12End_NegCrossP19_MachineContextFp_ts
                0x0000b219       0x17 ./src/PitchDetector/src/PeakDetectMachineFp.o
 .text._ZL11End_NmlDataP19_MachineContextFp_ts
                0x0000b230       0x17 ./src/PitchDetector/src/PeakDetectMachineFp.o
 .text._ZL13End_EndOfDataP19_MachineContextFp_ts
                0x0000b247       0x17 ./src/PitchDetector/src/PeakDetectMachineFp.o
 .text.DestroyPeakDetectMachineContextFp
                0x0000b25e        0xd ./src/PitchDetector/src/PeakDetectMachineFp.o
                0x0000b25e                DestroyPeakDetectMachineContextFp
 .text.InputFp  0x0000b26b       0x6b ./src/PitchDetector/src/PeakDetectMachineFp.o
                0x0000b26b                InputFp
 .text.ResetMachineFp
                0x0000b2d6       0x2f ./src/PitchDetector/src/PeakDetectMachineFp.o
                0x0000b2d6                ResetMachineFp
 .text.CreatePeakDetectMachineContextFp
                0x0000b305       0x2f ./src/PitchDetector/src/PeakDetectMachineFp.o
                0x0000b305                CreatePeakDetectMachineContextFp
 .text.GetKeyMaximumsFp
                0x0000b334      0x129 ./src/PitchDetector/src/PeakDetectMachineFp.o
                0x0000b334                GetKeyMaximumsFp
 .text.ParabolicInterpFp
                0x0000b45d       0xc3 ./src/PitchDetector/src/PeakDetectMachineFp.o
                0x0000b45d                ParabolicInterpFp
 .text._ZN15PitchDiagnostic20diagnoseNoteOffStateEah
                0x0000b520       0x32 ./src/PitchDetector/src/PitchDiagnostic.o
                0x0000b520                PitchDiagnostic::diagnoseNoteOffState(signed char, unsigned char)
 .text._ZN15PitchDiagnosticD2Ev
                0x0000b552        0x1 ./src/PitchDetector/src/PitchDiagnostic.o
                0x0000b552                PitchDiagnostic::~PitchDiagnostic()
                0x0000b552                PitchDiagnostic::~PitchDiagnostic()
 .text._ZN15PitchDiagnostic5ResetEv